Archive member included because of file (symbol)

d:/emcaddad imt/01- tools/imt_sdk_win_64/winavr/bin/../lib/gcc/avr/4.3.3/avr5\libgcc.a(_exit.o)
                              d:/emcaddad imt/01- tools/imt_sdk_win_64/winavr/bin/../lib/gcc/avr/4.3.3/../../../../avr/lib/avr5/crtm32.o (exit)
d:/emcaddad imt/01- tools/imt_sdk_win_64/winavr/bin/../lib/gcc/avr/4.3.3/avr5\libgcc.a(_clear_bss.o)
                              ./MCAL/ADC/MADC-pro.o (__do_clear_bss)

Allocating common symbols
Common symbol       size              file

ADC_CallBack        0x2               ./MCAL/ADC/MADC-pro.o

Memory Configuration

Name             Origin             Length             Attributes
text             0x00000000         0x00020000         xr
data             0x00800060         0x0000ffa0         rw !x
eeprom           0x00810000         0x00010000         rw !x
fuse             0x00820000         0x00000400         rw !x
lock             0x00830000         0x00000400         rw !x
signature        0x00840000         0x00000400         rw !x
*default*        0x00000000         0xffffffff

Linker script and memory map

LOAD d:/emcaddad imt/01- tools/imt_sdk_win_64/winavr/bin/../lib/gcc/avr/4.3.3/../../../../avr/lib/avr5/crtm32.o
LOAD ./MCAL/TIMER/TIMER-pro.o
LOAD ./MCAL/GIE/GIE_prg.o
LOAD ./MCAL/EXTI/EXTI-pro.o
LOAD ./MCAL/DIO/DIO_pro.o
LOAD ./MCAL/ADC/MADC-pro.o
LOAD ./APP/main.o
LOAD d:/emcaddad imt/01- tools/imt_sdk_win_64/winavr/bin/../lib/gcc/avr/4.3.3/avr5\libgcc.a
LOAD d:/emcaddad imt/01- tools/imt_sdk_win_64/winavr/bin/../lib/gcc/avr/4.3.3/../../../../avr/lib/avr5\libc.a
LOAD d:/emcaddad imt/01- tools/imt_sdk_win_64/winavr/bin/../lib/gcc/avr/4.3.3/avr5\libgcc.a

.hash
 *(.hash)

.dynsym
 *(.dynsym)

.dynstr
 *(.dynstr)

.gnu.version
 *(.gnu.version)

.gnu.version_d
 *(.gnu.version_d)

.gnu.version_r
 *(.gnu.version_r)

.rel.init
 *(.rel.init)

.rela.init
 *(.rela.init)

.rel.text
 *(.rel.text)
 *(.rel.text.*)
 *(.rel.gnu.linkonce.t*)

.rela.text
 *(.rela.text)
 *(.rela.text.*)
 *(.rela.gnu.linkonce.t*)

.rel.fini
 *(.rel.fini)

.rela.fini
 *(.rela.fini)

.rel.rodata
 *(.rel.rodata)
 *(.rel.rodata.*)
 *(.rel.gnu.linkonce.r*)

.rela.rodata
 *(.rela.rodata)
 *(.rela.rodata.*)
 *(.rela.gnu.linkonce.r*)

.rel.data
 *(.rel.data)
 *(.rel.data.*)
 *(.rel.gnu.linkonce.d*)

.rela.data
 *(.rela.data)
 *(.rela.data.*)
 *(.rela.gnu.linkonce.d*)

.rel.ctors
 *(.rel.ctors)

.rela.ctors
 *(.rela.ctors)

.rel.dtors
 *(.rel.dtors)

.rela.dtors
 *(.rela.dtors)

.rel.got
 *(.rel.got)

.rela.got
 *(.rela.got)

.rel.bss
 *(.rel.bss)

.rela.bss
 *(.rela.bss)

.rel.plt
 *(.rel.plt)

.rela.plt
 *(.rela.plt)

.text           0x00000000      0xcd4
 *(.vectors)
 .vectors       0x00000000       0x54 d:/emcaddad imt/01- tools/imt_sdk_win_64/winavr/bin/../lib/gcc/avr/4.3.3/../../../../avr/lib/avr5/crtm32.o
                0x00000000                __vectors
                0x00000000                __vector_default
 *(.vectors)
 *(.progmem.gcc*)
 *(.progmem*)
                0x00000054                . = ALIGN (0x2)
                0x00000054                __trampolines_start = .
 *(.trampolines)
 .trampolines   0x00000054        0x0 linker stubs
 *(.trampolines*)
                0x00000054                __trampolines_end = .
 *(.jumptables)
 *(.jumptables*)
 *(.lowtext)
 *(.lowtext*)
                0x00000054                __ctors_start = .
 *(.ctors)
                0x00000054                __ctors_end = .
                0x00000054                __dtors_start = .
 *(.dtors)
                0x00000054                __dtors_end = .
 SORT(*)(.ctors)
 SORT(*)(.dtors)
 *(.init0)
 .init0         0x00000054        0x0 d:/emcaddad imt/01- tools/imt_sdk_win_64/winavr/bin/../lib/gcc/avr/4.3.3/../../../../avr/lib/avr5/crtm32.o
                0x00000054                __init
 *(.init0)
 *(.init1)
 *(.init1)
 *(.init2)
 .init2         0x00000054        0xc d:/emcaddad imt/01- tools/imt_sdk_win_64/winavr/bin/../lib/gcc/avr/4.3.3/../../../../avr/lib/avr5/crtm32.o
 *(.init2)
 *(.init3)
 *(.init3)
 *(.init4)
 .init4         0x00000060       0x10 d:/emcaddad imt/01- tools/imt_sdk_win_64/winavr/bin/../lib/gcc/avr/4.3.3/avr5\libgcc.a(_clear_bss.o)
                0x00000060                __do_clear_bss
 *(.init4)
 *(.init5)
 *(.init5)
 *(.init6)
 *(.init6)
 *(.init7)
 *(.init7)
 *(.init8)
 *(.init8)
 *(.init9)
 .init9         0x00000070        0x8 d:/emcaddad imt/01- tools/imt_sdk_win_64/winavr/bin/../lib/gcc/avr/4.3.3/../../../../avr/lib/avr5/crtm32.o
 *(.init9)
 *(.text)
 .text          0x00000078        0x4 d:/emcaddad imt/01- tools/imt_sdk_win_64/winavr/bin/../lib/gcc/avr/4.3.3/../../../../avr/lib/avr5/crtm32.o
                0x00000078                __vector_1
                0x00000078                __vector_12
                0x00000078                __bad_interrupt
                0x00000078                __vector_6
                0x00000078                __vector_3
                0x00000078                __vector_11
                0x00000078                __vector_13
                0x00000078                __vector_17
                0x00000078                __vector_19
                0x00000078                __vector_7
                0x00000078                __vector_5
                0x00000078                __vector_4
                0x00000078                __vector_9
                0x00000078                __vector_2
                0x00000078                __vector_15
                0x00000078                __vector_8
                0x00000078                __vector_14
                0x00000078                __vector_10
                0x00000078                __vector_18
                0x00000078                __vector_20
 .text          0x0000007c        0x0 ./MCAL/TIMER/TIMER-pro.o
 .text          0x0000007c        0x0 ./MCAL/GIE/GIE_prg.o
 .text          0x0000007c        0x0 ./MCAL/EXTI/EXTI-pro.o
 .text          0x0000007c        0x0 ./MCAL/DIO/DIO_pro.o
 .text          0x0000007c        0x0 ./MCAL/ADC/MADC-pro.o
 .text          0x0000007c        0x0 ./APP/main.o
 .text          0x0000007c        0x0 d:/emcaddad imt/01- tools/imt_sdk_win_64/winavr/bin/../lib/gcc/avr/4.3.3/avr5\libgcc.a(_exit.o)
 .text          0x0000007c        0x0 d:/emcaddad imt/01- tools/imt_sdk_win_64/winavr/bin/../lib/gcc/avr/4.3.3/avr5\libgcc.a(_clear_bss.o)
                0x0000007c                . = ALIGN (0x2)
 *(.text.*)
 .text.MGIE_vEnableGlobalInterrupt
                0x0000007c       0x1c ./MCAL/GIE/GIE_prg.o
                0x0000007c                MGIE_vEnableGlobalInterrupt
 .text.MGIE_vDisableGlobalInterrupt
                0x00000098       0x1c ./MCAL/GIE/GIE_prg.o
                0x00000098                MGIE_vDisableGlobalInterrupt
 .text.MEXTI_vEnableInterrupt
                0x000000b4       0x8c ./MCAL/EXTI/EXTI-pro.o
                0x000000b4                MEXTI_vEnableInterrupt
 .text.MEXTI_vDisableInterrupt
                0x00000140       0x6e ./MCAL/EXTI/EXTI-pro.o
                0x00000140                MEXTI_vDisableInterrupt
 .text.MEXTI_vSetSenseControl
                0x000001ae      0x20a ./MCAL/EXTI/EXTI-pro.o
                0x000001ae                MEXTI_vSetSenseControl
 .text.MDIO_vSetPinDir
                0x000003b8      0x200 ./MCAL/DIO/DIO_pro.o
                0x000003b8                MDIO_vSetPinDir
 .text.MDIO_vSetPinVal
                0x000005b8      0x200 ./MCAL/DIO/DIO_pro.o
                0x000005b8                MDIO_vSetPinVal
 .text.MDIO_vTogPinVal
                0x000007b8       0xfa ./MCAL/DIO/DIO_pro.o
                0x000007b8                MDIO_vTogPinVal
 .text.MDIO_u8GetPinVal
                0x000008b2       0xf4 ./MCAL/DIO/DIO_pro.o
                0x000008b2                MDIO_u8GetPinVal
 .text.MDIO_vSetPortDir
                0x000009a6       0x82 ./MCAL/DIO/DIO_pro.o
                0x000009a6                MDIO_vSetPortDir
 .text.MDIO_vSetPortVal
                0x00000a28       0x82 ./MCAL/DIO/DIO_pro.o
                0x00000a28                MDIO_vSetPortVal
 .text.MDIO_u8GetPortVal
                0x00000aaa       0x84 ./MCAL/DIO/DIO_pro.o
                0x00000aaa                MDIO_u8GetPortVal
 .text.MADC_vInit
                0x00000b2e       0x72 ./MCAL/ADC/MADC-pro.o
                0x00000b2e                MADC_vInit
 .text.MADC_u16AnalogRead
                0x00000ba0       0x64 ./MCAL/ADC/MADC-pro.o
                0x00000ba0                MADC_u16AnalogRead
 .text.MADC_vStartConversion
                0x00000c04       0x38 ./MCAL/ADC/MADC-pro.o
                0x00000c04                MADC_vStartConversion
 .text.MADC_u16GetADCData
                0x00000c3c       0x16 ./MCAL/ADC/MADC-pro.o
                0x00000c3c                MADC_u16GetADCData
 .text.MADC_vSetCallback
                0x00000c52       0x24 ./MCAL/ADC/MADC-pro.o
                0x00000c52                MADC_vSetCallback
 .text.__vector_16
                0x00000c76       0x5a ./MCAL/ADC/MADC-pro.o
                0x00000c76                __vector_16
 .text.libgcc   0x00000cd0        0x0 d:/emcaddad imt/01- tools/imt_sdk_win_64/winavr/bin/../lib/gcc/avr/4.3.3/avr5\libgcc.a(_exit.o)
 .text.libgcc   0x00000cd0        0x0 d:/emcaddad imt/01- tools/imt_sdk_win_64/winavr/bin/../lib/gcc/avr/4.3.3/avr5\libgcc.a(_clear_bss.o)
                0x00000cd0                . = ALIGN (0x2)
 *(.fini9)
 .fini9         0x00000cd0        0x0 d:/emcaddad imt/01- tools/imt_sdk_win_64/winavr/bin/../lib/gcc/avr/4.3.3/avr5\libgcc.a(_exit.o)
                0x00000cd0                exit
                0x00000cd0                _exit
 *(.fini9)
 *(.fini8)
 *(.fini8)
 *(.fini7)
 *(.fini7)
 *(.fini6)
 *(.fini6)
 *(.fini5)
 *(.fini5)
 *(.fini4)
 *(.fini4)
 *(.fini3)
 *(.fini3)
 *(.fini2)
 *(.fini2)
 *(.fini1)
 *(.fini1)
 *(.fini0)
 .fini0         0x00000cd0        0x4 d:/emcaddad imt/01- tools/imt_sdk_win_64/winavr/bin/../lib/gcc/avr/4.3.3/avr5\libgcc.a(_exit.o)
 *(.fini0)
                0x00000cd4                _etext = .

.data           0x00800060        0x0 load address 0x00000cd4
                0x00800060                PROVIDE (__data_start, .)
 *(.data)
 .data          0x00800060        0x0 d:/emcaddad imt/01- tools/imt_sdk_win_64/winavr/bin/../lib/gcc/avr/4.3.3/../../../../avr/lib/avr5/crtm32.o
 .data          0x00800060        0x0 ./MCAL/TIMER/TIMER-pro.o
 .data          0x00800060        0x0 ./MCAL/GIE/GIE_prg.o
 .data          0x00800060        0x0 ./MCAL/EXTI/EXTI-pro.o
 .data          0x00800060        0x0 ./MCAL/DIO/DIO_pro.o
 .data          0x00800060        0x0 ./MCAL/ADC/MADC-pro.o
 .data          0x00800060        0x0 ./APP/main.o
 .data          0x00800060        0x0 d:/emcaddad imt/01- tools/imt_sdk_win_64/winavr/bin/../lib/gcc/avr/4.3.3/avr5\libgcc.a(_exit.o)
 .data          0x00800060        0x0 d:/emcaddad imt/01- tools/imt_sdk_win_64/winavr/bin/../lib/gcc/avr/4.3.3/avr5\libgcc.a(_clear_bss.o)
 *(.data*)
 *(.rodata)
 *(.rodata*)
 *(.gnu.linkonce.d*)
                0x00800060                . = ALIGN (0x2)
                0x00800060                _edata = .
                0x00800060                PROVIDE (__data_end, .)

.bss            0x00800060        0x2
                0x00800060                PROVIDE (__bss_start, .)
 *(.bss)
 .bss           0x00800060        0x0 d:/emcaddad imt/01- tools/imt_sdk_win_64/winavr/bin/../lib/gcc/avr/4.3.3/../../../../avr/lib/avr5/crtm32.o
 .bss           0x00800060        0x0 ./MCAL/TIMER/TIMER-pro.o
 .bss           0x00800060        0x0 ./MCAL/GIE/GIE_prg.o
 .bss           0x00800060        0x0 ./MCAL/EXTI/EXTI-pro.o
 .bss           0x00800060        0x0 ./MCAL/DIO/DIO_pro.o
 .bss           0x00800060        0x0 ./MCAL/ADC/MADC-pro.o
 .bss           0x00800060        0x0 ./APP/main.o
 .bss           0x00800060        0x0 d:/emcaddad imt/01- tools/imt_sdk_win_64/winavr/bin/../lib/gcc/avr/4.3.3/avr5\libgcc.a(_exit.o)
 .bss           0x00800060        0x0 d:/emcaddad imt/01- tools/imt_sdk_win_64/winavr/bin/../lib/gcc/avr/4.3.3/avr5\libgcc.a(_clear_bss.o)
 *(.bss*)
 *(COMMON)
 COMMON         0x00800060        0x2 ./MCAL/ADC/MADC-pro.o
                0x00800060                ADC_CallBack
                0x00800062                PROVIDE (__bss_end, .)
                0x00000cd4                __data_load_start = LOADADDR (.data)
                0x00000cd4                __data_load_end = (__data_load_start + SIZEOF (.data))

.noinit         0x00800062        0x0
                0x00800062                PROVIDE (__noinit_start, .)
 *(.noinit*)
                0x00800062                PROVIDE (__noinit_end, .)
                0x00800062                _end = .
                0x00800062                PROVIDE (__heap_start, .)

.eeprom         0x00810000        0x0
 *(.eeprom*)
                0x00810000                __eeprom_end = .

.fuse
 *(.fuse)
 *(.lfuse)
 *(.hfuse)
 *(.efuse)

.lock
 *(.lock*)

.signature
 *(.signature*)

.stab           0x00000000      0xf78
 *(.stab)
 .stab          0x00000000       0xe4 ./MCAL/TIMER/TIMER-pro.o
 .stab          0x000000e4      0x198 ./MCAL/GIE/GIE_prg.o
                                0x1a4 (size before relaxing)
 .stab          0x0000027c      0x36c ./MCAL/EXTI/EXTI-pro.o
                                0x378 (size before relaxing)
 .stab          0x000005e8      0x5ac ./MCAL/DIO/DIO_pro.o
                                0x5b8 (size before relaxing)
 .stab          0x00000b94      0x30c ./MCAL/ADC/MADC-pro.o
                                0x318 (size before relaxing)
 .stab          0x00000ea0       0xd8 ./APP/main.o
                                 0xe4 (size before relaxing)

.stabstr        0x00000000      0x65a
 *(.stabstr)
 .stabstr       0x00000000      0x65a ./MCAL/TIMER/TIMER-pro.o

.stab.excl
 *(.stab.excl)

.stab.exclstr
 *(.stab.exclstr)

.stab.index
 *(.stab.index)

.stab.indexstr
 *(.stab.indexstr)

.comment
 *(.comment)

.debug
 *(.debug)

.line
 *(.line)

.debug_srcinfo
 *(.debug_srcinfo)

.debug_sfnames
 *(.debug_sfnames)

.debug_aranges
 *(.debug_aranges)

.debug_pubnames
 *(.debug_pubnames)

.debug_info
 *(.debug_info)
 *(.gnu.linkonce.wi.*)

.debug_abbrev
 *(.debug_abbrev)

.debug_line
 *(.debug_line)

.debug_frame
 *(.debug_frame)

.debug_str
 *(.debug_str)

.debug_loc
 *(.debug_loc)

.debug_macinfo
 *(.debug_macinfo)
OUTPUT(07-TIME.elf elf32-avr)
LOAD linker stubs
