Archive member included because of file (symbol)

d:/emcaddad imt/01- tools/imt_sdk_win_64/winavr/bin/../lib/gcc/avr/4.3.3/avr5\libgcc.a(_exit.o)
                              d:/emcaddad imt/01- tools/imt_sdk_win_64/winavr/bin/../lib/gcc/avr/4.3.3/../../../../avr/lib/avr5/crtm32.o (exit)

Memory Configuration

Name             Origin             Length             Attributes
text             0x00000000         0x00020000         xr
data             0x00800060         0x0000ffa0         rw !x
eeprom           0x00810000         0x00010000         rw !x
fuse             0x00820000         0x00000400         rw !x
lock             0x00830000         0x00000400         rw !x
signature        0x00840000         0x00000400         rw !x
*default*        0x00000000         0xffffffff

Linker script and memory map

LOAD d:/emcaddad imt/01- tools/imt_sdk_win_64/winavr/bin/../lib/gcc/avr/4.3.3/../../../../avr/lib/avr5/crtm32.o
LOAD ./MCAL/DIO/DIO_pro.o
LOAD ./HAL/LCD/LCD_pro.o
LOAD ./APP/main.o
LOAD d:/emcaddad imt/01- tools/imt_sdk_win_64/winavr/bin/../lib/gcc/avr/4.3.3/avr5\libgcc.a
LOAD d:/emcaddad imt/01- tools/imt_sdk_win_64/winavr/bin/../lib/gcc/avr/4.3.3/../../../../avr/lib/avr5\libc.a
LOAD d:/emcaddad imt/01- tools/imt_sdk_win_64/winavr/bin/../lib/gcc/avr/4.3.3/avr5\libgcc.a

.hash
 *(.hash)

.dynsym
 *(.dynsym)

.dynstr
 *(.dynstr)

.gnu.version
 *(.gnu.version)

.gnu.version_d
 *(.gnu.version_d)

.gnu.version_r
 *(.gnu.version_r)

.rel.init
 *(.rel.init)

.rela.init
 *(.rela.init)

.rel.text
 *(.rel.text)
 *(.rel.text.*)
 *(.rel.gnu.linkonce.t*)

.rela.text
 *(.rela.text)
 *(.rela.text.*)
 *(.rela.gnu.linkonce.t*)

.rel.fini
 *(.rel.fini)

.rela.fini
 *(.rela.fini)

.rel.rodata
 *(.rel.rodata)
 *(.rel.rodata.*)
 *(.rel.gnu.linkonce.r*)

.rela.rodata
 *(.rela.rodata)
 *(.rela.rodata.*)
 *(.rela.gnu.linkonce.r*)

.rel.data
 *(.rel.data)
 *(.rel.data.*)
 *(.rel.gnu.linkonce.d*)

.rela.data
 *(.rela.data)
 *(.rela.data.*)
 *(.rela.gnu.linkonce.d*)

.rel.ctors
 *(.rel.ctors)

.rela.ctors
 *(.rela.ctors)

.rel.dtors
 *(.rel.dtors)

.rela.dtors
 *(.rela.dtors)

.rel.got
 *(.rel.got)

.rela.got
 *(.rela.got)

.rel.bss
 *(.rel.bss)

.rela.bss
 *(.rela.bss)

.rel.plt
 *(.rel.plt)

.rela.plt
 *(.rela.plt)

.text           0x00000000      0x88a
 *(.vectors)
 .vectors       0x00000000       0x54 d:/emcaddad imt/01- tools/imt_sdk_win_64/winavr/bin/../lib/gcc/avr/4.3.3/../../../../avr/lib/avr5/crtm32.o
                0x00000000                __vectors
                0x00000000                __vector_default
 *(.vectors)
 *(.progmem.gcc*)
 *(.progmem*)
                0x00000054                . = ALIGN (0x2)
                0x00000054                __trampolines_start = .
 *(.trampolines)
 .trampolines   0x00000054        0x0 linker stubs
 *(.trampolines*)
                0x00000054                __trampolines_end = .
 *(.jumptables)
 *(.jumptables*)
 *(.lowtext)
 *(.lowtext*)
                0x00000054                __ctors_start = .
 *(.ctors)
                0x00000054                __ctors_end = .
                0x00000054                __dtors_start = .
 *(.dtors)
                0x00000054                __dtors_end = .
 SORT(*)(.ctors)
 SORT(*)(.dtors)
 *(.init0)
 .init0         0x00000054        0x0 d:/emcaddad imt/01- tools/imt_sdk_win_64/winavr/bin/../lib/gcc/avr/4.3.3/../../../../avr/lib/avr5/crtm32.o
                0x00000054                __init
 *(.init0)
 *(.init1)
 *(.init1)
 *(.init2)
 .init2         0x00000054        0xc d:/emcaddad imt/01- tools/imt_sdk_win_64/winavr/bin/../lib/gcc/avr/4.3.3/../../../../avr/lib/avr5/crtm32.o
 *(.init2)
 *(.init3)
 *(.init3)
 *(.init4)
 *(.init4)
 *(.init5)
 *(.init5)
 *(.init6)
 *(.init6)
 *(.init7)
 *(.init7)
 *(.init8)
 *(.init8)
 *(.init9)
 .init9         0x00000060        0x8 d:/emcaddad imt/01- tools/imt_sdk_win_64/winavr/bin/../lib/gcc/avr/4.3.3/../../../../avr/lib/avr5/crtm32.o
 *(.init9)
 *(.text)
 .text          0x00000068        0x4 d:/emcaddad imt/01- tools/imt_sdk_win_64/winavr/bin/../lib/gcc/avr/4.3.3/../../../../avr/lib/avr5/crtm32.o
                0x00000068                __vector_1
                0x00000068                __vector_12
                0x00000068                __bad_interrupt
                0x00000068                __vector_6
                0x00000068                __vector_3
                0x00000068                __vector_11
                0x00000068                __vector_13
                0x00000068                __vector_17
                0x00000068                __vector_19
                0x00000068                __vector_7
                0x00000068                __vector_5
                0x00000068                __vector_4
                0x00000068                __vector_9
                0x00000068                __vector_2
                0x00000068                __vector_15
                0x00000068                __vector_8
                0x00000068                __vector_14
                0x00000068                __vector_10
                0x00000068                __vector_16
                0x00000068                __vector_18
                0x00000068                __vector_20
 .text          0x0000006c        0x0 ./MCAL/DIO/DIO_pro.o
 .text          0x0000006c        0x0 ./HAL/LCD/LCD_pro.o
 .text          0x0000006c        0x0 ./APP/main.o
 .text          0x0000006c        0x0 d:/emcaddad imt/01- tools/imt_sdk_win_64/winavr/bin/../lib/gcc/avr/4.3.3/avr5\libgcc.a(_exit.o)
                0x0000006c                . = ALIGN (0x2)
 *(.text.*)
 .text.MDIO_vSetPinDir
                0x0000006c      0x200 ./MCAL/DIO/DIO_pro.o
                0x0000006c                MDIO_vSetPinDir
 .text.MDIO_vSetPinVal
                0x0000026c      0x200 ./MCAL/DIO/DIO_pro.o
                0x0000026c                MDIO_vSetPinVal
 .text.MDIO_u8GetPinVal
                0x0000046c       0xf4 ./MCAL/DIO/DIO_pro.o
                0x0000046c                MDIO_u8GetPinVal
 .text.MDIO_vSetPortDir
                0x00000560       0x82 ./MCAL/DIO/DIO_pro.o
                0x00000560                MDIO_vSetPortDir
 .text.MDIO_vSetPortVal
                0x000005e2       0x82 ./MCAL/DIO/DIO_pro.o
                0x000005e2                MDIO_vSetPortVal
 .text.MDIO_u8GetPortVal
                0x00000664       0x84 ./MCAL/DIO/DIO_pro.o
                0x00000664                MDIO_u8GetPortVal
 .text.HLCD_vSendCommand
                0x000006e8       0x54 ./HAL/LCD/LCD_pro.o
                0x000006e8                HLCD_vSendCommand
 .text.HLCD_vSendChar
                0x0000073c       0x5c ./HAL/LCD/LCD_pro.o
                0x0000073c                HLCD_vSendChar
 .text.HLCD_vInit
                0x00000798       0x6c ./HAL/LCD/LCD_pro.o
                0x00000798                HLCD_vInit
 .text.HLCD_vPrintString
                0x00000804       0x18 ./HAL/LCD/LCD_pro.o
                0x00000804                HLCD_vPrintString
 .text.HLCD_vPrintNumber
                0x0000081c       0x22 ./HAL/LCD/LCD_pro.o
                0x0000081c                HLCD_vPrintNumber
 .text.HLCD_vSetCursorPosition
                0x0000083e       0x18 ./HAL/LCD/LCD_pro.o
                0x0000083e                HLCD_vSetCursorPosition
 .text.HLCD_vSaveCustomChar
                0x00000856        0xe ./HAL/LCD/LCD_pro.o
                0x00000856                HLCD_vSaveCustomChar
 .text.HLCD_vDisplayCustomChar
                0x00000864        0xe ./HAL/LCD/LCD_pro.o
                0x00000864                HLCD_vDisplayCustomChar
 .text.main     0x00000872       0x14 ./APP/main.o
                0x00000872                main
 .text.libgcc   0x00000886        0x0 d:/emcaddad imt/01- tools/imt_sdk_win_64/winavr/bin/../lib/gcc/avr/4.3.3/avr5\libgcc.a(_exit.o)
                0x00000886                . = ALIGN (0x2)
 *(.fini9)
 .fini9         0x00000886        0x0 d:/emcaddad imt/01- tools/imt_sdk_win_64/winavr/bin/../lib/gcc/avr/4.3.3/avr5\libgcc.a(_exit.o)
                0x00000886                exit
                0x00000886                _exit
 *(.fini9)
 *(.fini8)
 *(.fini8)
 *(.fini7)
 *(.fini7)
 *(.fini6)
 *(.fini6)
 *(.fini5)
 *(.fini5)
 *(.fini4)
 *(.fini4)
 *(.fini3)
 *(.fini3)
 *(.fini2)
 *(.fini2)
 *(.fini1)
 *(.fini1)
 *(.fini0)
 .fini0         0x00000886        0x4 d:/emcaddad imt/01- tools/imt_sdk_win_64/winavr/bin/../lib/gcc/avr/4.3.3/avr5\libgcc.a(_exit.o)
 *(.fini0)
                0x0000088a                _etext = .

.data           0x00800060        0x0 load address 0x0000088a
                0x00800060                PROVIDE (__data_start, .)
 *(.data)
 .data          0x00800060        0x0 d:/emcaddad imt/01- tools/imt_sdk_win_64/winavr/bin/../lib/gcc/avr/4.3.3/../../../../avr/lib/avr5/crtm32.o
 .data          0x00800060        0x0 ./MCAL/DIO/DIO_pro.o
 .data          0x00800060        0x0 ./HAL/LCD/LCD_pro.o
 .data          0x00800060        0x0 ./APP/main.o
 .data          0x00800060        0x0 d:/emcaddad imt/01- tools/imt_sdk_win_64/winavr/bin/../lib/gcc/avr/4.3.3/avr5\libgcc.a(_exit.o)
 *(.data*)
 *(.rodata)
 *(.rodata*)
 *(.gnu.linkonce.d*)
                0x00800060                . = ALIGN (0x2)
                0x00800060                _edata = .
                0x00800060                PROVIDE (__data_end, .)

.bss            0x00800060        0x0
                0x00800060                PROVIDE (__bss_start, .)
 *(.bss)
 .bss           0x00800060        0x0 d:/emcaddad imt/01- tools/imt_sdk_win_64/winavr/bin/../lib/gcc/avr/4.3.3/../../../../avr/lib/avr5/crtm32.o
 .bss           0x00800060        0x0 ./MCAL/DIO/DIO_pro.o
 .bss           0x00800060        0x0 ./HAL/LCD/LCD_pro.o
 .bss           0x00800060        0x0 ./APP/main.o
 .bss           0x00800060        0x0 d:/emcaddad imt/01- tools/imt_sdk_win_64/winavr/bin/../lib/gcc/avr/4.3.3/avr5\libgcc.a(_exit.o)
 *(.bss*)
 *(COMMON)
                0x00800060                PROVIDE (__bss_end, .)
                0x0000088a                __data_load_start = LOADADDR (.data)
                0x0000088a                __data_load_end = (__data_load_start + SIZEOF (.data))

.noinit         0x00800060        0x0
                0x00800060                PROVIDE (__noinit_start, .)
 *(.noinit*)
                0x00800060                PROVIDE (__noinit_end, .)
                0x00800060                _end = .
                0x00800060                PROVIDE (__heap_start, .)

.eeprom         0x00810000        0x0
 *(.eeprom*)
                0x00810000                __eeprom_end = .

.fuse
 *(.fuse)
 *(.lfuse)
 *(.hfuse)
 *(.efuse)

.lock
 *(.lock*)

.signature
 *(.signature*)

.stab           0x00000000      0xc6c
 *(.stab)
 .stab          0x00000000      0x72c ./MCAL/DIO/DIO_pro.o
 .stab          0x0000072c      0x3d8 ./HAL/LCD/LCD_pro.o
                                0x3e4 (size before relaxing)
 .stab          0x00000b04      0x168 ./APP/main.o
                                0x174 (size before relaxing)

.stabstr        0x00000000      0xa4f
 *(.stabstr)
 .stabstr       0x00000000      0xa4f ./MCAL/DIO/DIO_pro.o

.stab.excl
 *(.stab.excl)

.stab.exclstr
 *(.stab.exclstr)

.stab.index
 *(.stab.index)

.stab.indexstr
 *(.stab.indexstr)

.comment
 *(.comment)

.debug
 *(.debug)

.line
 *(.line)

.debug_srcinfo
 *(.debug_srcinfo)

.debug_sfnames
 *(.debug_sfnames)

.debug_aranges
 *(.debug_aranges)

.debug_pubnames
 *(.debug_pubnames)

.debug_info
 *(.debug_info)
 *(.gnu.linkonce.wi.*)

.debug_abbrev
 *(.debug_abbrev)

.debug_line
 *(.debug_line)

.debug_frame
 *(.debug_frame)

.debug_str
 *(.debug_str)

.debug_loc
 *(.debug_loc)

.debug_macinfo
 *(.debug_macinfo)
OUTPUT(04-LCD_Driver.elf elf32-avr)
LOAD linker stubs
