Archive member included because of file (symbol)

d:/emcaddad imt/01- tools/imt_sdk_win_64/winavr/bin/../lib/gcc/avr/4.3.3/avr5\libgcc.a(_divmodsi4.o)
                              ./HAL/LCD/LCD_pro.o (__divmodsi4)
d:/emcaddad imt/01- tools/imt_sdk_win_64/winavr/bin/../lib/gcc/avr/4.3.3/avr5\libgcc.a(_exit.o)
                              d:/emcaddad imt/01- tools/imt_sdk_win_64/winavr/bin/../lib/gcc/avr/4.3.3/../../../../avr/lib/avr5/crtm32.o (exit)
d:/emcaddad imt/01- tools/imt_sdk_win_64/winavr/bin/../lib/gcc/avr/4.3.3/avr5\libgcc.a(_clear_bss.o)
                              ./MCAL/TIMER/TIMER-pro.o (__do_clear_bss)
d:/emcaddad imt/01- tools/imt_sdk_win_64/winavr/bin/../lib/gcc/avr/4.3.3/avr5\libgcc.a(_fixunssfsi.o)
                              ./HAL/LCD/LCD_pro.o (__fixunssfsi)
d:/emcaddad imt/01- tools/imt_sdk_win_64/winavr/bin/../lib/gcc/avr/4.3.3/avr5\libgcc.a(_addsub_sf.o)
                              d:/emcaddad imt/01- tools/imt_sdk_win_64/winavr/bin/../lib/gcc/avr/4.3.3/avr5\libgcc.a(_fixunssfsi.o) (__subsf3)
d:/emcaddad imt/01- tools/imt_sdk_win_64/winavr/bin/../lib/gcc/avr/4.3.3/avr5\libgcc.a(_mul_sf.o)
                              ./HAL/LCD/LCD_pro.o (__mulsf3)
d:/emcaddad imt/01- tools/imt_sdk_win_64/winavr/bin/../lib/gcc/avr/4.3.3/avr5\libgcc.a(_gt_sf.o)
                              ./HAL/LCD/LCD_pro.o (__gtsf2)
d:/emcaddad imt/01- tools/imt_sdk_win_64/winavr/bin/../lib/gcc/avr/4.3.3/avr5\libgcc.a(_ge_sf.o)
                              d:/emcaddad imt/01- tools/imt_sdk_win_64/winavr/bin/../lib/gcc/avr/4.3.3/avr5\libgcc.a(_fixunssfsi.o) (__gesf2)
d:/emcaddad imt/01- tools/imt_sdk_win_64/winavr/bin/../lib/gcc/avr/4.3.3/avr5\libgcc.a(_lt_sf.o)
                              ./HAL/LCD/LCD_pro.o (__ltsf2)
d:/emcaddad imt/01- tools/imt_sdk_win_64/winavr/bin/../lib/gcc/avr/4.3.3/avr5\libgcc.a(_sf_to_si.o)
                              d:/emcaddad imt/01- tools/imt_sdk_win_64/winavr/bin/../lib/gcc/avr/4.3.3/avr5\libgcc.a(_fixunssfsi.o) (__fixsfsi)
d:/emcaddad imt/01- tools/imt_sdk_win_64/winavr/bin/../lib/gcc/avr/4.3.3/avr5\libgcc.a(_thenan_sf.o)
                              d:/emcaddad imt/01- tools/imt_sdk_win_64/winavr/bin/../lib/gcc/avr/4.3.3/avr5\libgcc.a(_addsub_sf.o) (__thenan_sf)
d:/emcaddad imt/01- tools/imt_sdk_win_64/winavr/bin/../lib/gcc/avr/4.3.3/avr5\libgcc.a(_udivmodsi4.o)
                              d:/emcaddad imt/01- tools/imt_sdk_win_64/winavr/bin/../lib/gcc/avr/4.3.3/avr5\libgcc.a(_divmodsi4.o) (__udivmodsi4)
d:/emcaddad imt/01- tools/imt_sdk_win_64/winavr/bin/../lib/gcc/avr/4.3.3/avr5\libgcc.a(_prologue.o)
                              d:/emcaddad imt/01- tools/imt_sdk_win_64/winavr/bin/../lib/gcc/avr/4.3.3/avr5\libgcc.a(_addsub_sf.o) (__prologue_saves__)
d:/emcaddad imt/01- tools/imt_sdk_win_64/winavr/bin/../lib/gcc/avr/4.3.3/avr5\libgcc.a(_epilogue.o)
                              d:/emcaddad imt/01- tools/imt_sdk_win_64/winavr/bin/../lib/gcc/avr/4.3.3/avr5\libgcc.a(_addsub_sf.o) (__epilogue_restores__)
d:/emcaddad imt/01- tools/imt_sdk_win_64/winavr/bin/../lib/gcc/avr/4.3.3/avr5\libgcc.a(_copy_data.o)
                              d:/emcaddad imt/01- tools/imt_sdk_win_64/winavr/bin/../lib/gcc/avr/4.3.3/avr5\libgcc.a(_thenan_sf.o) (__do_copy_data)
d:/emcaddad imt/01- tools/imt_sdk_win_64/winavr/bin/../lib/gcc/avr/4.3.3/avr5\libgcc.a(_pack_sf.o)
                              d:/emcaddad imt/01- tools/imt_sdk_win_64/winavr/bin/../lib/gcc/avr/4.3.3/avr5\libgcc.a(_addsub_sf.o) (__pack_f)
d:/emcaddad imt/01- tools/imt_sdk_win_64/winavr/bin/../lib/gcc/avr/4.3.3/avr5\libgcc.a(_unpack_sf.o)
                              d:/emcaddad imt/01- tools/imt_sdk_win_64/winavr/bin/../lib/gcc/avr/4.3.3/avr5\libgcc.a(_addsub_sf.o) (__unpack_f)
d:/emcaddad imt/01- tools/imt_sdk_win_64/winavr/bin/../lib/gcc/avr/4.3.3/avr5\libgcc.a(_fpcmp_parts_sf.o)
                              d:/emcaddad imt/01- tools/imt_sdk_win_64/winavr/bin/../lib/gcc/avr/4.3.3/avr5\libgcc.a(_gt_sf.o) (__fpcmp_parts_f)

Allocating common symbols
Common symbol       size              file

G_u32IntervalCount2
                    0x4               ./MCAL/TIMER/TIMER-pro.o
G_u32IntervalCount  0x4               ./MCAL/TIMER/TIMER-pro.o
ADC_CallBack        0x2               ./MCAL/ADC/MADC-pro.o

Memory Configuration

Name             Origin             Length             Attributes
text             0x00000000         0x00020000         xr
data             0x00800060         0x0000ffa0         rw !x
eeprom           0x00810000         0x00010000         rw !x
fuse             0x00820000         0x00000400         rw !x
lock             0x00830000         0x00000400         rw !x
signature        0x00840000         0x00000400         rw !x
*default*        0x00000000         0xffffffff

Linker script and memory map

LOAD d:/emcaddad imt/01- tools/imt_sdk_win_64/winavr/bin/../lib/gcc/avr/4.3.3/../../../../avr/lib/avr5/crtm32.o
LOAD ./MCAL/UART/UART_pro.o
LOAD ./MCAL/TIMER/TIMER-pro.o
LOAD ./MCAL/GIE/GIE_prg.o
LOAD ./MCAL/EXTI/EXTI-pro.o
LOAD ./MCAL/DIO/DIO_pro.o
LOAD ./MCAL/ADC/MADC-pro.o
LOAD ./HAL/LCD/LCD_pro.o
LOAD ./APP/main.o
LOAD d:/emcaddad imt/01- tools/imt_sdk_win_64/winavr/bin/../lib/gcc/avr/4.3.3/avr5\libgcc.a
LOAD d:/emcaddad imt/01- tools/imt_sdk_win_64/winavr/bin/../lib/gcc/avr/4.3.3/../../../../avr/lib/avr5\libc.a
LOAD d:/emcaddad imt/01- tools/imt_sdk_win_64/winavr/bin/../lib/gcc/avr/4.3.3/avr5\libgcc.a

.hash
 *(.hash)

.dynsym
 *(.dynsym)

.dynstr
 *(.dynstr)

.gnu.version
 *(.gnu.version)

.gnu.version_d
 *(.gnu.version_d)

.gnu.version_r
 *(.gnu.version_r)

.rel.init
 *(.rel.init)

.rela.init
 *(.rela.init)

.rel.text
 *(.rel.text)
 *(.rel.text.*)
 *(.rel.gnu.linkonce.t*)

.rela.text
 *(.rela.text)
 *(.rela.text.*)
 *(.rela.gnu.linkonce.t*)

.rel.fini
 *(.rel.fini)

.rela.fini
 *(.rela.fini)

.rel.rodata
 *(.rel.rodata)
 *(.rel.rodata.*)
 *(.rel.gnu.linkonce.r*)

.rela.rodata
 *(.rela.rodata)
 *(.rela.rodata.*)
 *(.rela.gnu.linkonce.r*)

.rel.data
 *(.rel.data)
 *(.rel.data.*)
 *(.rel.gnu.linkonce.d*)

.rela.data
 *(.rela.data)
 *(.rela.data.*)
 *(.rela.gnu.linkonce.d*)

.rel.ctors
 *(.rel.ctors)

.rela.ctors
 *(.rela.ctors)

.rel.dtors
 *(.rel.dtors)

.rela.dtors
 *(.rela.dtors)

.rel.got
 *(.rel.got)

.rela.got
 *(.rela.got)

.rel.bss
 *(.rel.bss)

.rela.bss
 *(.rela.bss)

.rel.plt
 *(.rel.plt)

.rela.plt
 *(.rela.plt)

.text           0x00000000     0x3050
 *(.vectors)
 .vectors       0x00000000       0x54 d:/emcaddad imt/01- tools/imt_sdk_win_64/winavr/bin/../lib/gcc/avr/4.3.3/../../../../avr/lib/avr5/crtm32.o
                0x00000000                __vectors
                0x00000000                __vector_default
 *(.vectors)
 *(.progmem.gcc*)
 *(.progmem*)
                0x00000054                . = ALIGN (0x2)
                0x00000054                __trampolines_start = .
 *(.trampolines)
 .trampolines   0x00000054        0x0 linker stubs
 *(.trampolines*)
                0x00000054                __trampolines_end = .
 *(.jumptables)
 *(.jumptables*)
 *(.lowtext)
 *(.lowtext*)
                0x00000054                __ctors_start = .
 *(.ctors)
                0x00000054                __ctors_end = .
                0x00000054                __dtors_start = .
 *(.dtors)
                0x00000054                __dtors_end = .
 SORT(*)(.ctors)
 SORT(*)(.dtors)
 *(.init0)
 .init0         0x00000054        0x0 d:/emcaddad imt/01- tools/imt_sdk_win_64/winavr/bin/../lib/gcc/avr/4.3.3/../../../../avr/lib/avr5/crtm32.o
                0x00000054                __init
 *(.init0)
 *(.init1)
 *(.init1)
 *(.init2)
 .init2         0x00000054        0xc d:/emcaddad imt/01- tools/imt_sdk_win_64/winavr/bin/../lib/gcc/avr/4.3.3/../../../../avr/lib/avr5/crtm32.o
 *(.init2)
 *(.init3)
 *(.init3)
 *(.init4)
 .init4         0x00000060       0x10 d:/emcaddad imt/01- tools/imt_sdk_win_64/winavr/bin/../lib/gcc/avr/4.3.3/avr5\libgcc.a(_clear_bss.o)
                0x00000060                __do_clear_bss
 .init4         0x00000070       0x16 d:/emcaddad imt/01- tools/imt_sdk_win_64/winavr/bin/../lib/gcc/avr/4.3.3/avr5\libgcc.a(_copy_data.o)
                0x00000070                __do_copy_data
 *(.init4)
 *(.init5)
 *(.init5)
 *(.init6)
 *(.init6)
 *(.init7)
 *(.init7)
 *(.init8)
 *(.init8)
 *(.init9)
 .init9         0x00000086        0x8 d:/emcaddad imt/01- tools/imt_sdk_win_64/winavr/bin/../lib/gcc/avr/4.3.3/../../../../avr/lib/avr5/crtm32.o
 *(.init9)
 *(.text)
 .text          0x0000008e        0x4 d:/emcaddad imt/01- tools/imt_sdk_win_64/winavr/bin/../lib/gcc/avr/4.3.3/../../../../avr/lib/avr5/crtm32.o
                0x0000008e                __vector_1
                0x0000008e                __vector_12
                0x0000008e                __bad_interrupt
                0x0000008e                __vector_3
                0x0000008e                __vector_13
                0x0000008e                __vector_17
                0x0000008e                __vector_19
                0x0000008e                __vector_7
                0x0000008e                __vector_9
                0x0000008e                __vector_2
                0x0000008e                __vector_15
                0x0000008e                __vector_8
                0x0000008e                __vector_14
                0x0000008e                __vector_18
                0x0000008e                __vector_20
 .text          0x00000092        0x0 ./MCAL/UART/UART_pro.o
 .text          0x00000092        0x0 ./MCAL/TIMER/TIMER-pro.o
 .text          0x00000092        0x0 ./MCAL/GIE/GIE_prg.o
 .text          0x00000092        0x0 ./MCAL/EXTI/EXTI-pro.o
 .text          0x00000092        0x0 ./MCAL/DIO/DIO_pro.o
 .text          0x00000092        0x0 ./MCAL/ADC/MADC-pro.o
 .text          0x00000092        0x0 ./HAL/LCD/LCD_pro.o
 .text          0x00000092        0x0 ./APP/main.o
 .text          0x00000092        0x0 d:/emcaddad imt/01- tools/imt_sdk_win_64/winavr/bin/../lib/gcc/avr/4.3.3/avr5\libgcc.a(_divmodsi4.o)
 .text          0x00000092        0x0 d:/emcaddad imt/01- tools/imt_sdk_win_64/winavr/bin/../lib/gcc/avr/4.3.3/avr5\libgcc.a(_exit.o)
 .text          0x00000092        0x0 d:/emcaddad imt/01- tools/imt_sdk_win_64/winavr/bin/../lib/gcc/avr/4.3.3/avr5\libgcc.a(_clear_bss.o)
 .text          0x00000092       0x58 d:/emcaddad imt/01- tools/imt_sdk_win_64/winavr/bin/../lib/gcc/avr/4.3.3/avr5\libgcc.a(_fixunssfsi.o)
                0x00000092                __fixunssfsi
 .text          0x000000ea      0x354 d:/emcaddad imt/01- tools/imt_sdk_win_64/winavr/bin/../lib/gcc/avr/4.3.3/avr5\libgcc.a(_addsub_sf.o)
                0x00000382                __subsf3
                0x000003e4                __addsf3
 .text          0x0000043e      0x1f4 d:/emcaddad imt/01- tools/imt_sdk_win_64/winavr/bin/../lib/gcc/avr/4.3.3/avr5\libgcc.a(_mul_sf.o)
                0x0000043e                __mulsf3
 .text          0x00000632       0x60 d:/emcaddad imt/01- tools/imt_sdk_win_64/winavr/bin/../lib/gcc/avr/4.3.3/avr5\libgcc.a(_gt_sf.o)
                0x00000632                __gtsf2
 .text          0x00000692       0x60 d:/emcaddad imt/01- tools/imt_sdk_win_64/winavr/bin/../lib/gcc/avr/4.3.3/avr5\libgcc.a(_ge_sf.o)
                0x00000692                __gesf2
 .text          0x000006f2       0x60 d:/emcaddad imt/01- tools/imt_sdk_win_64/winavr/bin/../lib/gcc/avr/4.3.3/avr5\libgcc.a(_lt_sf.o)
                0x000006f2                __ltsf2
 .text          0x00000752       0xa8 d:/emcaddad imt/01- tools/imt_sdk_win_64/winavr/bin/../lib/gcc/avr/4.3.3/avr5\libgcc.a(_sf_to_si.o)
                0x00000752                __fixsfsi
 .text          0x000007fa        0x0 d:/emcaddad imt/01- tools/imt_sdk_win_64/winavr/bin/../lib/gcc/avr/4.3.3/avr5\libgcc.a(_thenan_sf.o)
 .text          0x000007fa        0x0 d:/emcaddad imt/01- tools/imt_sdk_win_64/winavr/bin/../lib/gcc/avr/4.3.3/avr5\libgcc.a(_udivmodsi4.o)
 .text          0x000007fa        0x0 d:/emcaddad imt/01- tools/imt_sdk_win_64/winavr/bin/../lib/gcc/avr/4.3.3/avr5\libgcc.a(_prologue.o)
 .text          0x000007fa        0x0 d:/emcaddad imt/01- tools/imt_sdk_win_64/winavr/bin/../lib/gcc/avr/4.3.3/avr5\libgcc.a(_epilogue.o)
 .text          0x000007fa        0x0 d:/emcaddad imt/01- tools/imt_sdk_win_64/winavr/bin/../lib/gcc/avr/4.3.3/avr5\libgcc.a(_copy_data.o)
 .text          0x000007fa      0x1aa d:/emcaddad imt/01- tools/imt_sdk_win_64/winavr/bin/../lib/gcc/avr/4.3.3/avr5\libgcc.a(_pack_sf.o)
                0x000007fa                __pack_f
 .text          0x000009a4       0xf0 d:/emcaddad imt/01- tools/imt_sdk_win_64/winavr/bin/../lib/gcc/avr/4.3.3/avr5\libgcc.a(_unpack_sf.o)
                0x000009a4                __unpack_f
 .text          0x00000a94       0xb2 d:/emcaddad imt/01- tools/imt_sdk_win_64/winavr/bin/../lib/gcc/avr/4.3.3/avr5\libgcc.a(_fpcmp_parts_sf.o)
                0x00000a94                __fpcmp_parts_f
                0x00000b46                . = ALIGN (0x2)
 *(.text.*)
 .text.MUART_vImit
                0x00000b46       0x26 ./MCAL/UART/UART_pro.o
                0x00000b46                MUART_vImit
 .text.MUART_vTransmit
                0x00000b6c       0x2e ./MCAL/UART/UART_pro.o
                0x00000b6c                MUART_vTransmit
 .text.MUART_vRecieve
                0x00000b9a       0x1e ./MCAL/UART/UART_pro.o
                0x00000b9a                MUART_vRecieve
 .text.MTIMERS_vInit
                0x00000bb8       0x62 ./MCAL/TIMER/TIMER-pro.o
                0x00000bb8                MTIMERS_vInit
 .text.MTIMERS_u16GetCapturedValue
                0x00000c1a       0x16 ./MCAL/TIMER/TIMER-pro.o
                0x00000c1a                MTIMERS_u16GetCapturedValue
 .text.MTIMERS_vSetIcuTrigger
                0x00000c30       0x56 ./MCAL/TIMER/TIMER-pro.o
                0x00000c30                MTIMERS_vSetIcuTrigger
 .text.MTimers_vIsrFeatuer
                0x00000c86      0x280 ./MCAL/TIMER/TIMER-pro.o
                0x00000c86                MTimers_vIsrFeatuer
 .text.MTIMERS_vSetCallback
                0x00000f06       0xda ./MCAL/TIMER/TIMER-pro.o
                0x00000f06                MTIMERS_vSetCallback
 .text.MTIMERS_vSetPreloadValue
                0x00000fe0       0x6a ./MCAL/TIMER/TIMER-pro.o
                0x00000fe0                MTIMERS_vSetPreloadValue
 .text.MTIMERS_vSetCompareValue
                0x0000104a       0x6a ./MCAL/TIMER/TIMER-pro.o
                0x0000104a                MTIMERS_vSetCompareValue
 .text.MTIMERS_vSetInterval_Asynch
                0x000010b4       0xe0 ./MCAL/TIMER/TIMER-pro.o
                0x000010b4                MTIMERS_vSetInterval_Asynch
 .text.MTIMERS_vSetInterval_CTC_Asynch
                0x00001194      0x10a ./MCAL/TIMER/TIMER-pro.o
                0x00001194                MTIMERS_vSetInterval_CTC_Asynch
 .text.MTIMERS_u16GetElapsedTime
                0x0000129e       0x7a ./MCAL/TIMER/TIMER-pro.o
                0x0000129e                MTIMERS_u16GetElapsedTime
 .text.MTIMERS_vStartTimer
                0x00001318       0x74 ./MCAL/TIMER/TIMER-pro.o
                0x00001318                MTIMERS_vStartTimer
 .text.MTIMERS_vStopTimer
                0x0000138c       0x6e ./MCAL/TIMER/TIMER-pro.o
                0x0000138c                MTIMERS_vStopTimer
 .text.__vector_11
                0x000013fa       0xc6 ./MCAL/TIMER/TIMER-pro.o
                0x000013fa                __vector_11
 .text.__vector_10
                0x000014c0       0xc6 ./MCAL/TIMER/TIMER-pro.o
                0x000014c0                __vector_10
 .text.__vector_5
                0x00001586       0xc6 ./MCAL/TIMER/TIMER-pro.o
                0x00001586                __vector_5
 .text.__vector_4
                0x0000164c       0xc6 ./MCAL/TIMER/TIMER-pro.o
                0x0000164c                __vector_4
 .text.__vector_6
                0x00001712       0x5a ./MCAL/TIMER/TIMER-pro.o
                0x00001712                __vector_6
 .text.MGIE_vEnableGlobalInterrupt
                0x0000176c       0x1c ./MCAL/GIE/GIE_prg.o
                0x0000176c                MGIE_vEnableGlobalInterrupt
 .text.MGIE_vDisableGlobalInterrupt
                0x00001788       0x1c ./MCAL/GIE/GIE_prg.o
                0x00001788                MGIE_vDisableGlobalInterrupt
 .text.MEXTI_vEnableInterrupt
                0x000017a4       0x8c ./MCAL/EXTI/EXTI-pro.o
                0x000017a4                MEXTI_vEnableInterrupt
 .text.MEXTI_vDisableInterrupt
                0x00001830       0x6e ./MCAL/EXTI/EXTI-pro.o
                0x00001830                MEXTI_vDisableInterrupt
 .text.MEXTI_vSetSenseControl
                0x0000189e      0x20a ./MCAL/EXTI/EXTI-pro.o
                0x0000189e                MEXTI_vSetSenseControl
 .text.MDIO_vSetPinDir
                0x00001aa8      0x200 ./MCAL/DIO/DIO_pro.o
                0x00001aa8                MDIO_vSetPinDir
 .text.MDIO_vSetPinVal
                0x00001ca8      0x200 ./MCAL/DIO/DIO_pro.o
                0x00001ca8                MDIO_vSetPinVal
 .text.MDIO_vTogPinVal
                0x00001ea8       0xfa ./MCAL/DIO/DIO_pro.o
                0x00001ea8                MDIO_vTogPinVal
 .text.MDIO_u8GetPinVal
                0x00001fa2       0xf4 ./MCAL/DIO/DIO_pro.o
                0x00001fa2                MDIO_u8GetPinVal
 .text.MDIO_vSetPortDir
                0x00002096       0x82 ./MCAL/DIO/DIO_pro.o
                0x00002096                MDIO_vSetPortDir
 .text.MDIO_vSetPortVal
                0x00002118       0x82 ./MCAL/DIO/DIO_pro.o
                0x00002118                MDIO_vSetPortVal
 .text.MDIO_u8GetPortVal
                0x0000219a       0x84 ./MCAL/DIO/DIO_pro.o
                0x0000219a                MDIO_u8GetPortVal
 .text.MADC_vInit
                0x0000221e       0x72 ./MCAL/ADC/MADC-pro.o
                0x0000221e                MADC_vInit
 .text.MADC_u16AnalogRead
                0x00002290       0x64 ./MCAL/ADC/MADC-pro.o
                0x00002290                MADC_u16AnalogRead
 .text.MADC_vStartConversion
                0x000022f4       0x38 ./MCAL/ADC/MADC-pro.o
                0x000022f4                MADC_vStartConversion
 .text.MADC_u16GetADCData
                0x0000232c       0x16 ./MCAL/ADC/MADC-pro.o
                0x0000232c                MADC_u16GetADCData
 .text.MADC_vSetCallback
                0x00002342       0x24 ./MCAL/ADC/MADC-pro.o
                0x00002342                MADC_vSetCallback
 .text.__vector_16
                0x00002366       0x5a ./MCAL/ADC/MADC-pro.o
                0x00002366                __vector_16
 .text.HLCD_vSendCommand
                0x000023c0      0x220 ./HAL/LCD/LCD_pro.o
                0x000023c0                HLCD_vSendCommand
 .text.HLCD_vSendChar
                0x000025e0      0x220 ./HAL/LCD/LCD_pro.o
                0x000025e0                HLCD_vSendChar
 .text.HLCD_vInit
                0x00002800      0x50a ./HAL/LCD/LCD_pro.o
                0x00002800                HLCD_vInit
 .text.HLCD_vPrintString
                0x00002d0a       0x52 ./HAL/LCD/LCD_pro.o
                0x00002d0a                HLCD_vPrintString
 .text.HLCD_vPrintNumber
                0x00002d5c       0xe6 ./HAL/LCD/LCD_pro.o
                0x00002d5c                HLCD_vPrintNumber
 .text.HLCD_vGoToXY
                0x00002e42       0x46 ./HAL/LCD/LCD_pro.o
                0x00002e42                HLCD_vGoToXY
 .text.HLCD_vSaveCustomChar
                0x00002e88       0x64 ./HAL/LCD/LCD_pro.o
                0x00002e88                HLCD_vSaveCustomChar
 .text.HLCD_vDisplayCustomChar
                0x00002eec       0x20 ./HAL/LCD/LCD_pro.o
                0x00002eec                HLCD_vDisplayCustomChar
 .text.HLCD_vClearDisplay
                0x00002f0c       0x14 ./HAL/LCD/LCD_pro.o
                0x00002f0c                HLCD_vClearDisplay
 .text.HLCD_vShiftPostion
                0x00002f20       0x2e ./HAL/LCD/LCD_pro.o
                0x00002f20                HLCD_vShiftPostion
 .text.main     0x00002f4e       0x16 ./APP/main.o
                0x00002f4e                main
 .text.libgcc   0x00002f64       0x36 d:/emcaddad imt/01- tools/imt_sdk_win_64/winavr/bin/../lib/gcc/avr/4.3.3/avr5\libgcc.a(_divmodsi4.o)
                0x00002f64                __divmodsi4
 .text.libgcc   0x00002f9a        0x0 d:/emcaddad imt/01- tools/imt_sdk_win_64/winavr/bin/../lib/gcc/avr/4.3.3/avr5\libgcc.a(_exit.o)
 .text.libgcc   0x00002f9a        0x0 d:/emcaddad imt/01- tools/imt_sdk_win_64/winavr/bin/../lib/gcc/avr/4.3.3/avr5\libgcc.a(_clear_bss.o)
 .text.libgcc   0x00002f9a       0x44 d:/emcaddad imt/01- tools/imt_sdk_win_64/winavr/bin/../lib/gcc/avr/4.3.3/avr5\libgcc.a(_udivmodsi4.o)
                0x00002f9a                __udivmodsi4
 .text.libgcc   0x00002fde       0x38 d:/emcaddad imt/01- tools/imt_sdk_win_64/winavr/bin/../lib/gcc/avr/4.3.3/avr5\libgcc.a(_prologue.o)
                0x00002fde                __prologue_saves__
 .text.libgcc   0x00003016       0x36 d:/emcaddad imt/01- tools/imt_sdk_win_64/winavr/bin/../lib/gcc/avr/4.3.3/avr5\libgcc.a(_epilogue.o)
                0x00003016                __epilogue_restores__
 .text.libgcc   0x0000304c        0x0 d:/emcaddad imt/01- tools/imt_sdk_win_64/winavr/bin/../lib/gcc/avr/4.3.3/avr5\libgcc.a(_copy_data.o)
                0x0000304c                . = ALIGN (0x2)
 *(.fini9)
 .fini9         0x0000304c        0x0 d:/emcaddad imt/01- tools/imt_sdk_win_64/winavr/bin/../lib/gcc/avr/4.3.3/avr5\libgcc.a(_exit.o)
                0x0000304c                exit
                0x0000304c                _exit
 *(.fini9)
 *(.fini8)
 *(.fini8)
 *(.fini7)
 *(.fini7)
 *(.fini6)
 *(.fini6)
 *(.fini5)
 *(.fini5)
 *(.fini4)
 *(.fini4)
 *(.fini3)
 *(.fini3)
 *(.fini2)
 *(.fini2)
 *(.fini1)
 *(.fini1)
 *(.fini0)
 .fini0         0x0000304c        0x4 d:/emcaddad imt/01- tools/imt_sdk_win_64/winavr/bin/../lib/gcc/avr/4.3.3/avr5\libgcc.a(_exit.o)
 *(.fini0)
                0x00003050                _etext = .

.data           0x00800060        0x8 load address 0x00003050
                0x00800060                PROVIDE (__data_start, .)
 *(.data)
 .data          0x00800060        0x0 d:/emcaddad imt/01- tools/imt_sdk_win_64/winavr/bin/../lib/gcc/avr/4.3.3/../../../../avr/lib/avr5/crtm32.o
 .data          0x00800060        0x0 ./MCAL/UART/UART_pro.o
 .data          0x00800060        0x0 ./MCAL/TIMER/TIMER-pro.o
 .data          0x00800060        0x0 ./MCAL/GIE/GIE_prg.o
 .data          0x00800060        0x0 ./MCAL/EXTI/EXTI-pro.o
 .data          0x00800060        0x0 ./MCAL/DIO/DIO_pro.o
 .data          0x00800060        0x0 ./MCAL/ADC/MADC-pro.o
 .data          0x00800060        0x0 ./HAL/LCD/LCD_pro.o
 .data          0x00800060        0x0 ./APP/main.o
 .data          0x00800060        0x0 d:/emcaddad imt/01- tools/imt_sdk_win_64/winavr/bin/../lib/gcc/avr/4.3.3/avr5\libgcc.a(_divmodsi4.o)
 .data          0x00800060        0x0 d:/emcaddad imt/01- tools/imt_sdk_win_64/winavr/bin/../lib/gcc/avr/4.3.3/avr5\libgcc.a(_exit.o)
 .data          0x00800060        0x0 d:/emcaddad imt/01- tools/imt_sdk_win_64/winavr/bin/../lib/gcc/avr/4.3.3/avr5\libgcc.a(_clear_bss.o)
 .data          0x00800060        0x0 d:/emcaddad imt/01- tools/imt_sdk_win_64/winavr/bin/../lib/gcc/avr/4.3.3/avr5\libgcc.a(_fixunssfsi.o)
 .data          0x00800060        0x0 d:/emcaddad imt/01- tools/imt_sdk_win_64/winavr/bin/../lib/gcc/avr/4.3.3/avr5\libgcc.a(_addsub_sf.o)
 .data          0x00800060        0x0 d:/emcaddad imt/01- tools/imt_sdk_win_64/winavr/bin/../lib/gcc/avr/4.3.3/avr5\libgcc.a(_mul_sf.o)
 .data          0x00800060        0x0 d:/emcaddad imt/01- tools/imt_sdk_win_64/winavr/bin/../lib/gcc/avr/4.3.3/avr5\libgcc.a(_gt_sf.o)
 .data          0x00800060        0x0 d:/emcaddad imt/01- tools/imt_sdk_win_64/winavr/bin/../lib/gcc/avr/4.3.3/avr5\libgcc.a(_ge_sf.o)
 .data          0x00800060        0x0 d:/emcaddad imt/01- tools/imt_sdk_win_64/winavr/bin/../lib/gcc/avr/4.3.3/avr5\libgcc.a(_lt_sf.o)
 .data          0x00800060        0x0 d:/emcaddad imt/01- tools/imt_sdk_win_64/winavr/bin/../lib/gcc/avr/4.3.3/avr5\libgcc.a(_sf_to_si.o)
 .data          0x00800060        0x8 d:/emcaddad imt/01- tools/imt_sdk_win_64/winavr/bin/../lib/gcc/avr/4.3.3/avr5\libgcc.a(_thenan_sf.o)
                0x00800060                __thenan_sf
 .data          0x00800068        0x0 d:/emcaddad imt/01- tools/imt_sdk_win_64/winavr/bin/../lib/gcc/avr/4.3.3/avr5\libgcc.a(_udivmodsi4.o)
 .data          0x00800068        0x0 d:/emcaddad imt/01- tools/imt_sdk_win_64/winavr/bin/../lib/gcc/avr/4.3.3/avr5\libgcc.a(_prologue.o)
 .data          0x00800068        0x0 d:/emcaddad imt/01- tools/imt_sdk_win_64/winavr/bin/../lib/gcc/avr/4.3.3/avr5\libgcc.a(_epilogue.o)
 .data          0x00800068        0x0 d:/emcaddad imt/01- tools/imt_sdk_win_64/winavr/bin/../lib/gcc/avr/4.3.3/avr5\libgcc.a(_copy_data.o)
 .data          0x00800068        0x0 d:/emcaddad imt/01- tools/imt_sdk_win_64/winavr/bin/../lib/gcc/avr/4.3.3/avr5\libgcc.a(_pack_sf.o)
 .data          0x00800068        0x0 d:/emcaddad imt/01- tools/imt_sdk_win_64/winavr/bin/../lib/gcc/avr/4.3.3/avr5\libgcc.a(_unpack_sf.o)
 .data          0x00800068        0x0 d:/emcaddad imt/01- tools/imt_sdk_win_64/winavr/bin/../lib/gcc/avr/4.3.3/avr5\libgcc.a(_fpcmp_parts_sf.o)
 *(.data*)
 *(.rodata)
 *(.rodata*)
 *(.gnu.linkonce.d*)
                0x00800068                . = ALIGN (0x2)
                0x00800068                _edata = .
                0x00800068                PROVIDE (__data_end, .)

.bss            0x00800068       0x28
                0x00800068                PROVIDE (__bss_start, .)
 *(.bss)
 .bss           0x00800068        0x0 d:/emcaddad imt/01- tools/imt_sdk_win_64/winavr/bin/../lib/gcc/avr/4.3.3/../../../../avr/lib/avr5/crtm32.o
 .bss           0x00800068        0x0 ./MCAL/UART/UART_pro.o
 .bss           0x00800068        0x0 ./MCAL/TIMER/TIMER-pro.o
 .bss           0x00800068        0x0 ./MCAL/GIE/GIE_prg.o
 .bss           0x00800068        0x0 ./MCAL/EXTI/EXTI-pro.o
 .bss           0x00800068        0x0 ./MCAL/DIO/DIO_pro.o
 .bss           0x00800068        0x0 ./MCAL/ADC/MADC-pro.o
 .bss           0x00800068        0x0 ./HAL/LCD/LCD_pro.o
 .bss           0x00800068        0x0 ./APP/main.o
 .bss           0x00800068        0x0 d:/emcaddad imt/01- tools/imt_sdk_win_64/winavr/bin/../lib/gcc/avr/4.3.3/avr5\libgcc.a(_divmodsi4.o)
 .bss           0x00800068        0x0 d:/emcaddad imt/01- tools/imt_sdk_win_64/winavr/bin/../lib/gcc/avr/4.3.3/avr5\libgcc.a(_exit.o)
 .bss           0x00800068        0x0 d:/emcaddad imt/01- tools/imt_sdk_win_64/winavr/bin/../lib/gcc/avr/4.3.3/avr5\libgcc.a(_clear_bss.o)
 .bss           0x00800068        0x0 d:/emcaddad imt/01- tools/imt_sdk_win_64/winavr/bin/../lib/gcc/avr/4.3.3/avr5\libgcc.a(_fixunssfsi.o)
 .bss           0x00800068        0x0 d:/emcaddad imt/01- tools/imt_sdk_win_64/winavr/bin/../lib/gcc/avr/4.3.3/avr5\libgcc.a(_addsub_sf.o)
 .bss           0x00800068        0x0 d:/emcaddad imt/01- tools/imt_sdk_win_64/winavr/bin/../lib/gcc/avr/4.3.3/avr5\libgcc.a(_mul_sf.o)
 .bss           0x00800068        0x0 d:/emcaddad imt/01- tools/imt_sdk_win_64/winavr/bin/../lib/gcc/avr/4.3.3/avr5\libgcc.a(_gt_sf.o)
 .bss           0x00800068        0x0 d:/emcaddad imt/01- tools/imt_sdk_win_64/winavr/bin/../lib/gcc/avr/4.3.3/avr5\libgcc.a(_ge_sf.o)
 .bss           0x00800068        0x0 d:/emcaddad imt/01- tools/imt_sdk_win_64/winavr/bin/../lib/gcc/avr/4.3.3/avr5\libgcc.a(_lt_sf.o)
 .bss           0x00800068        0x0 d:/emcaddad imt/01- tools/imt_sdk_win_64/winavr/bin/../lib/gcc/avr/4.3.3/avr5\libgcc.a(_sf_to_si.o)
 .bss           0x00800068        0x0 d:/emcaddad imt/01- tools/imt_sdk_win_64/winavr/bin/../lib/gcc/avr/4.3.3/avr5\libgcc.a(_thenan_sf.o)
 .bss           0x00800068        0x0 d:/emcaddad imt/01- tools/imt_sdk_win_64/winavr/bin/../lib/gcc/avr/4.3.3/avr5\libgcc.a(_udivmodsi4.o)
 .bss           0x00800068        0x0 d:/emcaddad imt/01- tools/imt_sdk_win_64/winavr/bin/../lib/gcc/avr/4.3.3/avr5\libgcc.a(_prologue.o)
 .bss           0x00800068        0x0 d:/emcaddad imt/01- tools/imt_sdk_win_64/winavr/bin/../lib/gcc/avr/4.3.3/avr5\libgcc.a(_epilogue.o)
 .bss           0x00800068        0x0 d:/emcaddad imt/01- tools/imt_sdk_win_64/winavr/bin/../lib/gcc/avr/4.3.3/avr5\libgcc.a(_copy_data.o)
 .bss           0x00800068        0x0 d:/emcaddad imt/01- tools/imt_sdk_win_64/winavr/bin/../lib/gcc/avr/4.3.3/avr5\libgcc.a(_pack_sf.o)
 .bss           0x00800068        0x0 d:/emcaddad imt/01- tools/imt_sdk_win_64/winavr/bin/../lib/gcc/avr/4.3.3/avr5\libgcc.a(_unpack_sf.o)
 .bss           0x00800068        0x0 d:/emcaddad imt/01- tools/imt_sdk_win_64/winavr/bin/../lib/gcc/avr/4.3.3/avr5\libgcc.a(_fpcmp_parts_sf.o)
 *(.bss*)
 .bss.LS_u32Counter.1591
                0x00800068        0x4 ./MCAL/TIMER/TIMER-pro.o
 .bss.LS_u32Counter.1607
                0x0080006c        0x4 ./MCAL/TIMER/TIMER-pro.o
 .bss.LS_u32Counter.1623
                0x00800070        0x4 ./MCAL/TIMER/TIMER-pro.o
 .bss.LS_u32Counter.1639
                0x00800074        0x4 ./MCAL/TIMER/TIMER-pro.o
 .bss.G_TIM0_OVF_Callback
                0x00800078        0x2 ./MCAL/TIMER/TIMER-pro.o
 .bss.G_TIM0_CTC_Callback
                0x0080007a        0x2 ./MCAL/TIMER/TIMER-pro.o
 .bss.G_TIM2_OVF_Callback
                0x0080007c        0x2 ./MCAL/TIMER/TIMER-pro.o
 .bss.G_TIM2_CTC_Callback
                0x0080007e        0x2 ./MCAL/TIMER/TIMER-pro.o
 .bss.G_TIMu16_OVF_Callback
                0x00800080        0x2 ./MCAL/TIMER/TIMER-pro.o
 .bss.G_TIMu16_CTC_Callback
                0x00800082        0x2 ./MCAL/TIMER/TIMER-pro.o
 .bss.G_TIMu16_ICU_Callback
                0x00800084        0x2 ./MCAL/TIMER/TIMER-pro.o
 *(COMMON)
 COMMON         0x00800086        0x8 ./MCAL/TIMER/TIMER-pro.o
                0x00800086                G_u32IntervalCount2
                0x0080008a                G_u32IntervalCount
 COMMON         0x0080008e        0x2 ./MCAL/ADC/MADC-pro.o
                0x0080008e                ADC_CallBack
                0x00800090                PROVIDE (__bss_end, .)
                0x00003050                __data_load_start = LOADADDR (.data)
                0x00003058                __data_load_end = (__data_load_start + SIZEOF (.data))

.noinit         0x00800090        0x0
                0x00800090                PROVIDE (__noinit_start, .)
 *(.noinit*)
                0x00800090                PROVIDE (__noinit_end, .)
                0x00800090                _end = .
                0x00800090                PROVIDE (__heap_start, .)

.eeprom         0x00810000        0x0
 *(.eeprom*)
                0x00810000                __eeprom_end = .

.fuse
 *(.fuse)
 *(.lfuse)
 *(.hfuse)
 *(.efuse)

.lock
 *(.lock*)

.signature
 *(.signature*)

.stab           0x00000000     0x2b50
 *(.stab)
 .stab          0x00000000      0x210 ./MCAL/UART/UART_pro.o
 .stab          0x00000210      0xbdc ./MCAL/TIMER/TIMER-pro.o
                                0xbe8 (size before relaxing)
 .stab          0x00000dec      0x198 ./MCAL/GIE/GIE_prg.o
                                0x1a4 (size before relaxing)
 .stab          0x00000f84      0x36c ./MCAL/EXTI/EXTI-pro.o
                                0x378 (size before relaxing)
 .stab          0x000012f0      0x5ac ./MCAL/DIO/DIO_pro.o
                                0x5b8 (size before relaxing)
 .stab          0x0000189c      0x30c ./MCAL/ADC/MADC-pro.o
                                0x318 (size before relaxing)
 .stab          0x00001ba8      0xe1c ./HAL/LCD/LCD_pro.o
                                0xe28 (size before relaxing)
 .stab          0x000029c4      0x18c ./APP/main.o
                                0x324 (size before relaxing)

.stabstr        0x00000000     0x1240
 *(.stabstr)
 .stabstr       0x00000000     0x1240 ./MCAL/UART/UART_pro.o

.stab.excl
 *(.stab.excl)

.stab.exclstr
 *(.stab.exclstr)

.stab.index
 *(.stab.index)

.stab.indexstr
 *(.stab.indexstr)

.comment
 *(.comment)

.debug
 *(.debug)

.line
 *(.line)

.debug_srcinfo
 *(.debug_srcinfo)

.debug_sfnames
 *(.debug_sfnames)

.debug_aranges  0x00000000      0x140
 *(.debug_aranges)
 .debug_aranges
                0x00000000       0x20 d:/emcaddad imt/01- tools/imt_sdk_win_64/winavr/bin/../lib/gcc/avr/4.3.3/avr5\libgcc.a(_fixunssfsi.o)
 .debug_aranges
                0x00000020       0x20 d:/emcaddad imt/01- tools/imt_sdk_win_64/winavr/bin/../lib/gcc/avr/4.3.3/avr5\libgcc.a(_addsub_sf.o)
 .debug_aranges
                0x00000040       0x20 d:/emcaddad imt/01- tools/imt_sdk_win_64/winavr/bin/../lib/gcc/avr/4.3.3/avr5\libgcc.a(_mul_sf.o)
 .debug_aranges
                0x00000060       0x20 d:/emcaddad imt/01- tools/imt_sdk_win_64/winavr/bin/../lib/gcc/avr/4.3.3/avr5\libgcc.a(_gt_sf.o)
 .debug_aranges
                0x00000080       0x20 d:/emcaddad imt/01- tools/imt_sdk_win_64/winavr/bin/../lib/gcc/avr/4.3.3/avr5\libgcc.a(_ge_sf.o)
 .debug_aranges
                0x000000a0       0x20 d:/emcaddad imt/01- tools/imt_sdk_win_64/winavr/bin/../lib/gcc/avr/4.3.3/avr5\libgcc.a(_lt_sf.o)
 .debug_aranges
                0x000000c0       0x20 d:/emcaddad imt/01- tools/imt_sdk_win_64/winavr/bin/../lib/gcc/avr/4.3.3/avr5\libgcc.a(_sf_to_si.o)
 .debug_aranges
                0x000000e0       0x20 d:/emcaddad imt/01- tools/imt_sdk_win_64/winavr/bin/../lib/gcc/avr/4.3.3/avr5\libgcc.a(_pack_sf.o)
 .debug_aranges
                0x00000100       0x20 d:/emcaddad imt/01- tools/imt_sdk_win_64/winavr/bin/../lib/gcc/avr/4.3.3/avr5\libgcc.a(_unpack_sf.o)
 .debug_aranges
                0x00000120       0x20 d:/emcaddad imt/01- tools/imt_sdk_win_64/winavr/bin/../lib/gcc/avr/4.3.3/avr5\libgcc.a(_fpcmp_parts_sf.o)

.debug_pubnames
                0x00000000      0x170
 *(.debug_pubnames)
 .debug_pubnames
                0x00000000       0x23 d:/emcaddad imt/01- tools/imt_sdk_win_64/winavr/bin/../lib/gcc/avr/4.3.3/avr5\libgcc.a(_fixunssfsi.o)
 .debug_pubnames
                0x00000023       0x2c d:/emcaddad imt/01- tools/imt_sdk_win_64/winavr/bin/../lib/gcc/avr/4.3.3/avr5\libgcc.a(_addsub_sf.o)
 .debug_pubnames
                0x0000004f       0x1f d:/emcaddad imt/01- tools/imt_sdk_win_64/winavr/bin/../lib/gcc/avr/4.3.3/avr5\libgcc.a(_mul_sf.o)
 .debug_pubnames
                0x0000006e       0x1e d:/emcaddad imt/01- tools/imt_sdk_win_64/winavr/bin/../lib/gcc/avr/4.3.3/avr5\libgcc.a(_gt_sf.o)
 .debug_pubnames
                0x0000008c       0x1e d:/emcaddad imt/01- tools/imt_sdk_win_64/winavr/bin/../lib/gcc/avr/4.3.3/avr5\libgcc.a(_ge_sf.o)
 .debug_pubnames
                0x000000aa       0x1e d:/emcaddad imt/01- tools/imt_sdk_win_64/winavr/bin/../lib/gcc/avr/4.3.3/avr5\libgcc.a(_lt_sf.o)
 .debug_pubnames
                0x000000c8       0x20 d:/emcaddad imt/01- tools/imt_sdk_win_64/winavr/bin/../lib/gcc/avr/4.3.3/avr5\libgcc.a(_sf_to_si.o)
 .debug_pubnames
                0x000000e8       0x22 d:/emcaddad imt/01- tools/imt_sdk_win_64/winavr/bin/../lib/gcc/avr/4.3.3/avr5\libgcc.a(_thenan_sf.o)
 .debug_pubnames
                0x0000010a       0x1f d:/emcaddad imt/01- tools/imt_sdk_win_64/winavr/bin/../lib/gcc/avr/4.3.3/avr5\libgcc.a(_pack_sf.o)
 .debug_pubnames
                0x00000129       0x21 d:/emcaddad imt/01- tools/imt_sdk_win_64/winavr/bin/../lib/gcc/avr/4.3.3/avr5\libgcc.a(_unpack_sf.o)
 .debug_pubnames
                0x0000014a       0x26 d:/emcaddad imt/01- tools/imt_sdk_win_64/winavr/bin/../lib/gcc/avr/4.3.3/avr5\libgcc.a(_fpcmp_parts_sf.o)

.debug_info     0x00000000     0x1c49
 *(.debug_info)
 .debug_info    0x00000000       0xb1 d:/emcaddad imt/01- tools/imt_sdk_win_64/winavr/bin/../lib/gcc/avr/4.3.3/avr5\libgcc.a(_fixunssfsi.o)
 .debug_info    0x000000b1      0x47a d:/emcaddad imt/01- tools/imt_sdk_win_64/winavr/bin/../lib/gcc/avr/4.3.3/avr5\libgcc.a(_addsub_sf.o)
 .debug_info    0x0000052b      0x485 d:/emcaddad imt/01- tools/imt_sdk_win_64/winavr/bin/../lib/gcc/avr/4.3.3/avr5\libgcc.a(_mul_sf.o)
 .debug_info    0x000009b0      0x27f d:/emcaddad imt/01- tools/imt_sdk_win_64/winavr/bin/../lib/gcc/avr/4.3.3/avr5\libgcc.a(_gt_sf.o)
 .debug_info    0x00000c2f      0x27f d:/emcaddad imt/01- tools/imt_sdk_win_64/winavr/bin/../lib/gcc/avr/4.3.3/avr5\libgcc.a(_ge_sf.o)
 .debug_info    0x00000eae      0x27f d:/emcaddad imt/01- tools/imt_sdk_win_64/winavr/bin/../lib/gcc/avr/4.3.3/avr5\libgcc.a(_lt_sf.o)
 .debug_info    0x0000112d      0x2b0 d:/emcaddad imt/01- tools/imt_sdk_win_64/winavr/bin/../lib/gcc/avr/4.3.3/avr5\libgcc.a(_sf_to_si.o)
 .debug_info    0x000013dd      0x12c d:/emcaddad imt/01- tools/imt_sdk_win_64/winavr/bin/../lib/gcc/avr/4.3.3/avr5\libgcc.a(_thenan_sf.o)
 .debug_info    0x00001509      0x2df d:/emcaddad imt/01- tools/imt_sdk_win_64/winavr/bin/../lib/gcc/avr/4.3.3/avr5\libgcc.a(_pack_sf.o)
 .debug_info    0x000017e8      0x251 d:/emcaddad imt/01- tools/imt_sdk_win_64/winavr/bin/../lib/gcc/avr/4.3.3/avr5\libgcc.a(_unpack_sf.o)
 .debug_info    0x00001a39      0x210 d:/emcaddad imt/01- tools/imt_sdk_win_64/winavr/bin/../lib/gcc/avr/4.3.3/avr5\libgcc.a(_fpcmp_parts_sf.o)
 *(.gnu.linkonce.wi.*)

.debug_abbrev   0x00000000      0xeeb
 *(.debug_abbrev)
 .debug_abbrev  0x00000000       0x5d d:/emcaddad imt/01- tools/imt_sdk_win_64/winavr/bin/../lib/gcc/avr/4.3.3/avr5\libgcc.a(_fixunssfsi.o)
 .debug_abbrev  0x0000005d      0x1ea d:/emcaddad imt/01- tools/imt_sdk_win_64/winavr/bin/../lib/gcc/avr/4.3.3/avr5\libgcc.a(_addsub_sf.o)
 .debug_abbrev  0x00000247      0x21b d:/emcaddad imt/01- tools/imt_sdk_win_64/winavr/bin/../lib/gcc/avr/4.3.3/avr5\libgcc.a(_mul_sf.o)
 .debug_abbrev  0x00000462      0x15a d:/emcaddad imt/01- tools/imt_sdk_win_64/winavr/bin/../lib/gcc/avr/4.3.3/avr5\libgcc.a(_gt_sf.o)
 .debug_abbrev  0x000005bc      0x15a d:/emcaddad imt/01- tools/imt_sdk_win_64/winavr/bin/../lib/gcc/avr/4.3.3/avr5\libgcc.a(_ge_sf.o)
 .debug_abbrev  0x00000716      0x15a d:/emcaddad imt/01- tools/imt_sdk_win_64/winavr/bin/../lib/gcc/avr/4.3.3/avr5\libgcc.a(_lt_sf.o)
 .debug_abbrev  0x00000870      0x17f d:/emcaddad imt/01- tools/imt_sdk_win_64/winavr/bin/../lib/gcc/avr/4.3.3/avr5\libgcc.a(_sf_to_si.o)
 .debug_abbrev  0x000009ef       0xad d:/emcaddad imt/01- tools/imt_sdk_win_64/winavr/bin/../lib/gcc/avr/4.3.3/avr5\libgcc.a(_thenan_sf.o)
 .debug_abbrev  0x00000a9c      0x1c0 d:/emcaddad imt/01- tools/imt_sdk_win_64/winavr/bin/../lib/gcc/avr/4.3.3/avr5\libgcc.a(_pack_sf.o)
 .debug_abbrev  0x00000c5c      0x154 d:/emcaddad imt/01- tools/imt_sdk_win_64/winavr/bin/../lib/gcc/avr/4.3.3/avr5\libgcc.a(_unpack_sf.o)
 .debug_abbrev  0x00000db0      0x13b d:/emcaddad imt/01- tools/imt_sdk_win_64/winavr/bin/../lib/gcc/avr/4.3.3/avr5\libgcc.a(_fpcmp_parts_sf.o)

.debug_line     0x00000000      0xdad
 *(.debug_line)
 .debug_line    0x00000000       0xa7 d:/emcaddad imt/01- tools/imt_sdk_win_64/winavr/bin/../lib/gcc/avr/4.3.3/avr5\libgcc.a(_fixunssfsi.o)
 .debug_line    0x000000a7      0x2af d:/emcaddad imt/01- tools/imt_sdk_win_64/winavr/bin/../lib/gcc/avr/4.3.3/avr5\libgcc.a(_addsub_sf.o)
 .debug_line    0x00000356      0x239 d:/emcaddad imt/01- tools/imt_sdk_win_64/winavr/bin/../lib/gcc/avr/4.3.3/avr5\libgcc.a(_mul_sf.o)
 .debug_line    0x0000058f       0xd3 d:/emcaddad imt/01- tools/imt_sdk_win_64/winavr/bin/../lib/gcc/avr/4.3.3/avr5\libgcc.a(_gt_sf.o)
 .debug_line    0x00000662       0xd3 d:/emcaddad imt/01- tools/imt_sdk_win_64/winavr/bin/../lib/gcc/avr/4.3.3/avr5\libgcc.a(_ge_sf.o)
 .debug_line    0x00000735       0xd3 d:/emcaddad imt/01- tools/imt_sdk_win_64/winavr/bin/../lib/gcc/avr/4.3.3/avr5\libgcc.a(_lt_sf.o)
 .debug_line    0x00000808      0x109 d:/emcaddad imt/01- tools/imt_sdk_win_64/winavr/bin/../lib/gcc/avr/4.3.3/avr5\libgcc.a(_sf_to_si.o)
 .debug_line    0x00000911       0x90 d:/emcaddad imt/01- tools/imt_sdk_win_64/winavr/bin/../lib/gcc/avr/4.3.3/avr5\libgcc.a(_thenan_sf.o)
 .debug_line    0x000009a1      0x18a d:/emcaddad imt/01- tools/imt_sdk_win_64/winavr/bin/../lib/gcc/avr/4.3.3/avr5\libgcc.a(_pack_sf.o)
 .debug_line    0x00000b2b      0x14b d:/emcaddad imt/01- tools/imt_sdk_win_64/winavr/bin/../lib/gcc/avr/4.3.3/avr5\libgcc.a(_unpack_sf.o)
 .debug_line    0x00000c76      0x137 d:/emcaddad imt/01- tools/imt_sdk_win_64/winavr/bin/../lib/gcc/avr/4.3.3/avr5\libgcc.a(_fpcmp_parts_sf.o)

.debug_frame    0x00000000      0x160
 *(.debug_frame)
 .debug_frame   0x00000000       0x20 d:/emcaddad imt/01- tools/imt_sdk_win_64/winavr/bin/../lib/gcc/avr/4.3.3/avr5\libgcc.a(_fixunssfsi.o)
 .debug_frame   0x00000020       0x40 d:/emcaddad imt/01- tools/imt_sdk_win_64/winavr/bin/../lib/gcc/avr/4.3.3/avr5\libgcc.a(_addsub_sf.o)
 .debug_frame   0x00000060       0x20 d:/emcaddad imt/01- tools/imt_sdk_win_64/winavr/bin/../lib/gcc/avr/4.3.3/avr5\libgcc.a(_mul_sf.o)
 .debug_frame   0x00000080       0x20 d:/emcaddad imt/01- tools/imt_sdk_win_64/winavr/bin/../lib/gcc/avr/4.3.3/avr5\libgcc.a(_gt_sf.o)
 .debug_frame   0x000000a0       0x20 d:/emcaddad imt/01- tools/imt_sdk_win_64/winavr/bin/../lib/gcc/avr/4.3.3/avr5\libgcc.a(_ge_sf.o)
 .debug_frame   0x000000c0       0x20 d:/emcaddad imt/01- tools/imt_sdk_win_64/winavr/bin/../lib/gcc/avr/4.3.3/avr5\libgcc.a(_lt_sf.o)
 .debug_frame   0x000000e0       0x20 d:/emcaddad imt/01- tools/imt_sdk_win_64/winavr/bin/../lib/gcc/avr/4.3.3/avr5\libgcc.a(_sf_to_si.o)
 .debug_frame   0x00000100       0x20 d:/emcaddad imt/01- tools/imt_sdk_win_64/winavr/bin/../lib/gcc/avr/4.3.3/avr5\libgcc.a(_pack_sf.o)
 .debug_frame   0x00000120       0x20 d:/emcaddad imt/01- tools/imt_sdk_win_64/winavr/bin/../lib/gcc/avr/4.3.3/avr5\libgcc.a(_unpack_sf.o)
 .debug_frame   0x00000140       0x20 d:/emcaddad imt/01- tools/imt_sdk_win_64/winavr/bin/../lib/gcc/avr/4.3.3/avr5\libgcc.a(_fpcmp_parts_sf.o)

.debug_str      0x00000000      0x28d
 *(.debug_str)
 .debug_str     0x00000000       0xbf d:/emcaddad imt/01- tools/imt_sdk_win_64/winavr/bin/../lib/gcc/avr/4.3.3/avr5\libgcc.a(_fixunssfsi.o)
                                 0xfe (size before relaxing)
 .debug_str     0x000000bf      0x14d d:/emcaddad imt/01- tools/imt_sdk_win_64/winavr/bin/../lib/gcc/avr/4.3.3/avr5\libgcc.a(_addsub_sf.o)
                                0x206 (size before relaxing)
 .debug_str     0x0000020c       0x27 d:/emcaddad imt/01- tools/imt_sdk_win_64/winavr/bin/../lib/gcc/avr/4.3.3/avr5\libgcc.a(_mul_sf.o)
                                0x1bf (size before relaxing)
 .debug_str     0x00000233        0xf d:/emcaddad imt/01- tools/imt_sdk_win_64/winavr/bin/../lib/gcc/avr/4.3.3/avr5\libgcc.a(_gt_sf.o)
                                0x195 (size before relaxing)
 .debug_str     0x00000242        0x8 d:/emcaddad imt/01- tools/imt_sdk_win_64/winavr/bin/../lib/gcc/avr/4.3.3/avr5\libgcc.a(_ge_sf.o)
                                0x195 (size before relaxing)
 .debug_str     0x0000024a        0x8 d:/emcaddad imt/01- tools/imt_sdk_win_64/winavr/bin/../lib/gcc/avr/4.3.3/avr5\libgcc.a(_lt_sf.o)
                                0x195 (size before relaxing)
 .debug_str     0x00000252        0xa d:/emcaddad imt/01- tools/imt_sdk_win_64/winavr/bin/../lib/gcc/avr/4.3.3/avr5\libgcc.a(_sf_to_si.o)
                                0x19e (size before relaxing)
 .debug_str     0x00000000      0x103 d:/emcaddad imt/01- tools/imt_sdk_win_64/winavr/bin/../lib/gcc/avr/4.3.3/avr5\libgcc.a(_thenan_sf.o)
 .debug_str     0x0000025c       0x16 d:/emcaddad imt/01- tools/imt_sdk_win_64/winavr/bin/../lib/gcc/avr/4.3.3/avr5\libgcc.a(_pack_sf.o)
                                0x19d (size before relaxing)
 .debug_str     0x00000272        0xb d:/emcaddad imt/01- tools/imt_sdk_win_64/winavr/bin/../lib/gcc/avr/4.3.3/avr5\libgcc.a(_unpack_sf.o)
                                0x17f (size before relaxing)
 .debug_str     0x0000027d       0x10 d:/emcaddad imt/01- tools/imt_sdk_win_64/winavr/bin/../lib/gcc/avr/4.3.3/avr5\libgcc.a(_fpcmp_parts_sf.o)
                                0x163 (size before relaxing)

.debug_loc      0x00000000      0x7ce
 *(.debug_loc)
 .debug_loc     0x00000000       0x34 d:/emcaddad imt/01- tools/imt_sdk_win_64/winavr/bin/../lib/gcc/avr/4.3.3/avr5\libgcc.a(_fixunssfsi.o)
 .debug_loc     0x00000034      0x32a d:/emcaddad imt/01- tools/imt_sdk_win_64/winavr/bin/../lib/gcc/avr/4.3.3/avr5\libgcc.a(_addsub_sf.o)
 .debug_loc     0x0000035e      0x104 d:/emcaddad imt/01- tools/imt_sdk_win_64/winavr/bin/../lib/gcc/avr/4.3.3/avr5\libgcc.a(_mul_sf.o)
 .debug_loc     0x00000462       0x3c d:/emcaddad imt/01- tools/imt_sdk_win_64/winavr/bin/../lib/gcc/avr/4.3.3/avr5\libgcc.a(_gt_sf.o)
 .debug_loc     0x0000049e       0x3c d:/emcaddad imt/01- tools/imt_sdk_win_64/winavr/bin/../lib/gcc/avr/4.3.3/avr5\libgcc.a(_ge_sf.o)
 .debug_loc     0x000004da       0x3c d:/emcaddad imt/01- tools/imt_sdk_win_64/winavr/bin/../lib/gcc/avr/4.3.3/avr5\libgcc.a(_lt_sf.o)
 .debug_loc     0x00000516       0x7e d:/emcaddad imt/01- tools/imt_sdk_win_64/winavr/bin/../lib/gcc/avr/4.3.3/avr5\libgcc.a(_sf_to_si.o)
 .debug_loc     0x00000594      0x13e d:/emcaddad imt/01- tools/imt_sdk_win_64/winavr/bin/../lib/gcc/avr/4.3.3/avr5\libgcc.a(_pack_sf.o)
 .debug_loc     0x000006d2       0xac d:/emcaddad imt/01- tools/imt_sdk_win_64/winavr/bin/../lib/gcc/avr/4.3.3/avr5\libgcc.a(_unpack_sf.o)
 .debug_loc     0x0000077e       0x50 d:/emcaddad imt/01- tools/imt_sdk_win_64/winavr/bin/../lib/gcc/avr/4.3.3/avr5\libgcc.a(_fpcmp_parts_sf.o)

.debug_macinfo
 *(.debug_macinfo)
OUTPUT(UART.elf elf32-avr)
LOAD linker stubs

.debug_ranges   0x00000000       0x50
 .debug_ranges  0x00000000       0x50 d:/emcaddad imt/01- tools/imt_sdk_win_64/winavr/bin/../lib/gcc/avr/4.3.3/avr5\libgcc.a(_mul_sf.o)
