Archive member included because of file (symbol)

d:/emcaddad imt/01- tools/imt_sdk_win_64/winavr/bin/../lib/gcc/avr/4.3.3/avr5\libgcc.a(_divmodsi4.o)
                              ./HAL/LCD/LCD_pro.o (__divmodsi4)
d:/emcaddad imt/01- tools/imt_sdk_win_64/winavr/bin/../lib/gcc/avr/4.3.3/avr5\libgcc.a(_exit.o)
                              d:/emcaddad imt/01- tools/imt_sdk_win_64/winavr/bin/../lib/gcc/avr/4.3.3/../../../../avr/lib/avr5/crtm32.o (exit)
d:/emcaddad imt/01- tools/imt_sdk_win_64/winavr/bin/../lib/gcc/avr/4.3.3/avr5\libgcc.a(_copy_data.o)
                              ./APP/main.o (__do_copy_data)
d:/emcaddad imt/01- tools/imt_sdk_win_64/winavr/bin/../lib/gcc/avr/4.3.3/avr5\libgcc.a(_clear_bss.o)
                              ./MCAL/TIMER/TIMER-pro.o (__do_clear_bss)
d:/emcaddad imt/01- tools/imt_sdk_win_64/winavr/bin/../lib/gcc/avr/4.3.3/avr5\libgcc.a(_udivmodsi4.o)
                              d:/emcaddad imt/01- tools/imt_sdk_win_64/winavr/bin/../lib/gcc/avr/4.3.3/avr5\libgcc.a(_divmodsi4.o) (__udivmodsi4)

Allocating common symbols
Common symbol       size              file

ont                 0x2               ./APP/main.o
G_u32IntervalCount2
                    0x4               ./MCAL/TIMER/TIMER-pro.o
PT                  0x2               ./APP/main.o
G_u32IntervalCount  0x4               ./MCAL/TIMER/TIMER-pro.o
ADC_CallBack        0x2               ./MCAL/ADC/MADC-pro.o

Memory Configuration

Name             Origin             Length             Attributes
text             0x00000000         0x00020000         xr
data             0x00800060         0x0000ffa0         rw !x
eeprom           0x00810000         0x00010000         rw !x
fuse             0x00820000         0x00000400         rw !x
lock             0x00830000         0x00000400         rw !x
signature        0x00840000         0x00000400         rw !x
*default*        0x00000000         0xffffffff

Linker script and memory map

LOAD d:/emcaddad imt/01- tools/imt_sdk_win_64/winavr/bin/../lib/gcc/avr/4.3.3/../../../../avr/lib/avr5/crtm32.o
LOAD ./MCAL/TIMER/TIMER-pro.o
LOAD ./MCAL/GIE/GIE_prg.o
LOAD ./MCAL/EXTI/EXTI-pro.o
LOAD ./MCAL/DIO/DIO_pro.o
LOAD ./MCAL/ADC/MADC-pro.o
LOAD ./HAL/LCD/LCD_pro.o
LOAD ./APP/main.o
LOAD d:/emcaddad imt/01- tools/imt_sdk_win_64/winavr/bin/../lib/gcc/avr/4.3.3/avr5\libgcc.a
LOAD d:/emcaddad imt/01- tools/imt_sdk_win_64/winavr/bin/../lib/gcc/avr/4.3.3/../../../../avr/lib/avr5\libc.a
LOAD d:/emcaddad imt/01- tools/imt_sdk_win_64/winavr/bin/../lib/gcc/avr/4.3.3/avr5\libgcc.a

.hash
 *(.hash)

.dynsym
 *(.dynsym)

.dynstr
 *(.dynstr)

.gnu.version
 *(.gnu.version)

.gnu.version_d
 *(.gnu.version_d)

.gnu.version_r
 *(.gnu.version_r)

.rel.init
 *(.rel.init)

.rela.init
 *(.rela.init)

.rel.text
 *(.rel.text)
 *(.rel.text.*)
 *(.rel.gnu.linkonce.t*)

.rela.text
 *(.rela.text)
 *(.rela.text.*)
 *(.rela.gnu.linkonce.t*)

.rel.fini
 *(.rel.fini)

.rela.fini
 *(.rela.fini)

.rel.rodata
 *(.rel.rodata)
 *(.rel.rodata.*)
 *(.rel.gnu.linkonce.r*)

.rela.rodata
 *(.rela.rodata)
 *(.rela.rodata.*)
 *(.rela.gnu.linkonce.r*)

.rel.data
 *(.rel.data)
 *(.rel.data.*)
 *(.rel.gnu.linkonce.d*)

.rela.data
 *(.rela.data)
 *(.rela.data.*)
 *(.rela.gnu.linkonce.d*)

.rel.ctors
 *(.rel.ctors)

.rela.ctors
 *(.rela.ctors)

.rel.dtors
 *(.rel.dtors)

.rela.dtors
 *(.rela.dtors)

.rel.got
 *(.rel.got)

.rela.got
 *(.rela.got)

.rel.bss
 *(.rel.bss)

.rela.bss
 *(.rela.bss)

.rel.plt
 *(.rel.plt)

.rela.plt
 *(.rela.plt)

.text           0x00000000      0xf80
 *(.vectors)
 .vectors       0x00000000       0x54 d:/emcaddad imt/01- tools/imt_sdk_win_64/winavr/bin/../lib/gcc/avr/4.3.3/../../../../avr/lib/avr5/crtm32.o
                0x00000000                __vectors
                0x00000000                __vector_default
 *(.vectors)
 *(.progmem.gcc*)
 *(.progmem*)
                0x00000054                . = ALIGN (0x2)
                0x00000054                __trampolines_start = .
 *(.trampolines)
 .trampolines   0x00000054        0x0 linker stubs
 *(.trampolines*)
                0x00000054                __trampolines_end = .
 *(.jumptables)
 *(.jumptables*)
 *(.lowtext)
 *(.lowtext*)
                0x00000054                __ctors_start = .
 *(.ctors)
                0x00000054                __ctors_end = .
                0x00000054                __dtors_start = .
 *(.dtors)
                0x00000054                __dtors_end = .
 SORT(*)(.ctors)
 SORT(*)(.dtors)
 *(.init0)
 .init0         0x00000054        0x0 d:/emcaddad imt/01- tools/imt_sdk_win_64/winavr/bin/../lib/gcc/avr/4.3.3/../../../../avr/lib/avr5/crtm32.o
                0x00000054                __init
 *(.init0)
 *(.init1)
 *(.init1)
 *(.init2)
 .init2         0x00000054        0xc d:/emcaddad imt/01- tools/imt_sdk_win_64/winavr/bin/../lib/gcc/avr/4.3.3/../../../../avr/lib/avr5/crtm32.o
 *(.init2)
 *(.init3)
 *(.init3)
 *(.init4)
 .init4         0x00000060       0x16 d:/emcaddad imt/01- tools/imt_sdk_win_64/winavr/bin/../lib/gcc/avr/4.3.3/avr5\libgcc.a(_copy_data.o)
                0x00000060                __do_copy_data
 .init4         0x00000076       0x10 d:/emcaddad imt/01- tools/imt_sdk_win_64/winavr/bin/../lib/gcc/avr/4.3.3/avr5\libgcc.a(_clear_bss.o)
                0x00000076                __do_clear_bss
 *(.init4)
 *(.init5)
 *(.init5)
 *(.init6)
 *(.init6)
 *(.init7)
 *(.init7)
 *(.init8)
 *(.init8)
 *(.init9)
 .init9         0x00000086        0x8 d:/emcaddad imt/01- tools/imt_sdk_win_64/winavr/bin/../lib/gcc/avr/4.3.3/../../../../avr/lib/avr5/crtm32.o
 *(.init9)
 *(.text)
 .text          0x0000008e        0x4 d:/emcaddad imt/01- tools/imt_sdk_win_64/winavr/bin/../lib/gcc/avr/4.3.3/../../../../avr/lib/avr5/crtm32.o
                0x0000008e                __vector_1
                0x0000008e                __vector_12
                0x0000008e                __bad_interrupt
                0x0000008e                __vector_3
                0x0000008e                __vector_13
                0x0000008e                __vector_17
                0x0000008e                __vector_19
                0x0000008e                __vector_7
                0x0000008e                __vector_9
                0x0000008e                __vector_2
                0x0000008e                __vector_15
                0x0000008e                __vector_8
                0x0000008e                __vector_14
                0x0000008e                __vector_18
                0x0000008e                __vector_20
 .text          0x00000092        0x0 ./MCAL/TIMER/TIMER-pro.o
 .text          0x00000092        0x0 ./MCAL/GIE/GIE_prg.o
 .text          0x00000092        0x0 ./MCAL/EXTI/EXTI-pro.o
 .text          0x00000092        0x0 ./MCAL/DIO/DIO_pro.o
 .text          0x00000092        0x0 ./MCAL/ADC/MADC-pro.o
 .text          0x00000092        0x0 ./HAL/LCD/LCD_pro.o
 .text          0x00000092        0x0 ./APP/main.o
 .text          0x00000092        0x0 d:/emcaddad imt/01- tools/imt_sdk_win_64/winavr/bin/../lib/gcc/avr/4.3.3/avr5\libgcc.a(_divmodsi4.o)
 .text          0x00000092        0x0 d:/emcaddad imt/01- tools/imt_sdk_win_64/winavr/bin/../lib/gcc/avr/4.3.3/avr5\libgcc.a(_exit.o)
 .text          0x00000092        0x0 d:/emcaddad imt/01- tools/imt_sdk_win_64/winavr/bin/../lib/gcc/avr/4.3.3/avr5\libgcc.a(_copy_data.o)
 .text          0x00000092        0x0 d:/emcaddad imt/01- tools/imt_sdk_win_64/winavr/bin/../lib/gcc/avr/4.3.3/avr5\libgcc.a(_clear_bss.o)
 .text          0x00000092        0x0 d:/emcaddad imt/01- tools/imt_sdk_win_64/winavr/bin/../lib/gcc/avr/4.3.3/avr5\libgcc.a(_udivmodsi4.o)
                0x00000092                . = ALIGN (0x2)
 *(.text.*)
 .text.MTIMERS_vInit
                0x00000092       0x2a ./MCAL/TIMER/TIMER-pro.o
                0x00000092                MTIMERS_vInit
 .text.MTIMERS_u16GetCapturedValue
                0x000000bc        0x8 ./MCAL/TIMER/TIMER-pro.o
                0x000000bc                MTIMERS_u16GetCapturedValue
 .text.MTIMERS_vSetIcuTrigger
                0x000000c4       0x1a ./MCAL/TIMER/TIMER-pro.o
                0x000000c4                MTIMERS_vSetIcuTrigger
 .text.MTimers_vIsrFeatuer
                0x000000de       0xc2 ./MCAL/TIMER/TIMER-pro.o
                0x000000de                MTimers_vIsrFeatuer
 .text.MTIMERS_vSetCallback
                0x000001a0       0x70 ./MCAL/TIMER/TIMER-pro.o
                0x000001a0                MTIMERS_vSetCallback
 .text.MTIMERS_vSetPreloadValue
                0x00000210       0x1c ./MCAL/TIMER/TIMER-pro.o
                0x00000210                MTIMERS_vSetPreloadValue
 .text.MTIMERS_vSetCompareValue
                0x0000022c       0x1c ./MCAL/TIMER/TIMER-pro.o
                0x0000022c                MTIMERS_vSetCompareValue
 .text.MTIMERS_u16GetElapsedTime
                0x00000248       0x26 ./MCAL/TIMER/TIMER-pro.o
                0x00000248                MTIMERS_u16GetElapsedTime
 .text.MTIMERS_vStartTimer
                0x0000026e       0x2c ./MCAL/TIMER/TIMER-pro.o
                0x0000026e                MTIMERS_vStartTimer
 .text.MTIMERS_vSetInterval_CTC_Asynch
                0x0000029a       0x96 ./MCAL/TIMER/TIMER-pro.o
                0x0000029a                MTIMERS_vSetInterval_CTC_Asynch
 .text.MTIMERS_vSetInterval_Asynch
                0x00000330       0x7c ./MCAL/TIMER/TIMER-pro.o
                0x00000330                MTIMERS_vSetInterval_Asynch
 .text.MTIMERS_vStopTimer
                0x000003ac       0x26 ./MCAL/TIMER/TIMER-pro.o
                0x000003ac                MTIMERS_vStopTimer
 .text.__vector_11
                0x000003d2       0xa2 ./MCAL/TIMER/TIMER-pro.o
                0x000003d2                __vector_11
 .text.__vector_10
                0x00000474       0xa2 ./MCAL/TIMER/TIMER-pro.o
                0x00000474                __vector_10
 .text.__vector_5
                0x00000516       0xa2 ./MCAL/TIMER/TIMER-pro.o
                0x00000516                __vector_5
 .text.__vector_4
                0x000005b8       0xa2 ./MCAL/TIMER/TIMER-pro.o
                0x000005b8                __vector_4
 .text.__vector_6
                0x0000065a       0x4e ./MCAL/TIMER/TIMER-pro.o
                0x0000065a                __vector_6
 .text.MGIE_vEnableGlobalInterrupt
                0x000006a8        0x8 ./MCAL/GIE/GIE_prg.o
                0x000006a8                MGIE_vEnableGlobalInterrupt
 .text.MGIE_vDisableGlobalInterrupt
                0x000006b0        0x8 ./MCAL/GIE/GIE_prg.o
                0x000006b0                MGIE_vDisableGlobalInterrupt
 .text.MEXTI_vDisableInterrupt
                0x000006b8       0x24 ./MCAL/EXTI/EXTI-pro.o
                0x000006b8                MEXTI_vDisableInterrupt
 .text.MEXTI_vSetSenseControl
                0x000006dc       0xaa ./MCAL/EXTI/EXTI-pro.o
                0x000006dc                MEXTI_vSetSenseControl
 .text.MEXTI_vEnableInterrupt
                0x00000786       0x3e ./MCAL/EXTI/EXTI-pro.o
                0x00000786                MEXTI_vEnableInterrupt
 .text.MDIO_vSetPinDir
                0x000007c4       0xe6 ./MCAL/DIO/DIO_pro.o
                0x000007c4                MDIO_vSetPinDir
 .text.MDIO_vSetPinVal
                0x000008aa       0xe6 ./MCAL/DIO/DIO_pro.o
                0x000008aa                MDIO_vSetPinVal
 .text.MDIO_vTogPinVal
                0x00000990       0x6a ./MCAL/DIO/DIO_pro.o
                0x00000990                MDIO_vTogPinVal
 .text.MDIO_u8GetPinVal
                0x000009fa       0x40 ./MCAL/DIO/DIO_pro.o
                0x000009fa                MDIO_u8GetPinVal
 .text.MDIO_vSetPortDir
                0x00000a3a       0x22 ./MCAL/DIO/DIO_pro.o
                0x00000a3a                MDIO_vSetPortDir
 .text.MDIO_vSetPortVal
                0x00000a5c       0x22 ./MCAL/DIO/DIO_pro.o
                0x00000a5c                MDIO_vSetPortVal
 .text.MDIO_u8GetPortVal
                0x00000a7e       0x24 ./MCAL/DIO/DIO_pro.o
                0x00000a7e                MDIO_u8GetPortVal
 .text.MADC_vInit
                0x00000aa2       0x16 ./MCAL/ADC/MADC-pro.o
                0x00000aa2                MADC_vInit
 .text.MADC_u16AnalogRead
                0x00000ab8       0x1a ./MCAL/ADC/MADC-pro.o
                0x00000ab8                MADC_u16AnalogRead
 .text.MADC_vStartConversion
                0x00000ad2        0xe ./MCAL/ADC/MADC-pro.o
                0x00000ad2                MADC_vStartConversion
 .text.MADC_u16GetADCData
                0x00000ae0        0x8 ./MCAL/ADC/MADC-pro.o
                0x00000ae0                MADC_u16GetADCData
 .text.MADC_vSetCallback
                0x00000ae8        0xa ./MCAL/ADC/MADC-pro.o
                0x00000ae8                MADC_vSetCallback
 .text.__vector_16
                0x00000af2       0x4e ./MCAL/ADC/MADC-pro.o
                0x00000af2                __vector_16
 .text.HLCD_vSendChar
                0x00000b40       0x4c ./HAL/LCD/LCD_pro.o
                0x00000b40                HLCD_vSendChar
 .text.HLCD_vDisplayCustomChar
                0x00000b8c        0xa ./HAL/LCD/LCD_pro.o
                0x00000b8c                HLCD_vDisplayCustomChar
 .text.HLCD_vPrintNumber
                0x00000b96       0xca ./HAL/LCD/LCD_pro.o
                0x00000b96                HLCD_vPrintNumber
 .text.HLCD_vPrintString
                0x00000c60       0x26 ./HAL/LCD/LCD_pro.o
                0x00000c60                HLCD_vPrintString
 .text.HLCD_vSendCommand
                0x00000c86       0x4c ./HAL/LCD/LCD_pro.o
                0x00000c86                HLCD_vSendCommand
 .text.HLCD_vShiftPostion
                0x00000cd2       0x14 ./HAL/LCD/LCD_pro.o
                0x00000cd2                HLCD_vShiftPostion
 .text.HLCD_vClearDisplay
                0x00000ce6        0x8 ./HAL/LCD/LCD_pro.o
                0x00000ce6                HLCD_vClearDisplay
 .text.HLCD_vSaveCustomChar
                0x00000cee       0x3e ./HAL/LCD/LCD_pro.o
                0x00000cee                HLCD_vSaveCustomChar
 .text.HLCD_vGoToXY
                0x00000d2c       0x16 ./HAL/LCD/LCD_pro.o
                0x00000d2c                HLCD_vGoToXY
 .text.HLCD_vInit
                0x00000d42       0x78 ./HAL/LCD/LCD_pro.o
                0x00000d42                HLCD_vInit
 .text.main     0x00000dba       0xaa ./APP/main.o
                0x00000dba                main
 .text.readPWM  0x00000e64       0x9e ./APP/main.o
                0x00000e64                readPWM
 .text.libgcc   0x00000f02       0x36 d:/emcaddad imt/01- tools/imt_sdk_win_64/winavr/bin/../lib/gcc/avr/4.3.3/avr5\libgcc.a(_divmodsi4.o)
                0x00000f02                __divmodsi4
 .text.libgcc   0x00000f38        0x0 d:/emcaddad imt/01- tools/imt_sdk_win_64/winavr/bin/../lib/gcc/avr/4.3.3/avr5\libgcc.a(_exit.o)
 .text.libgcc   0x00000f38        0x0 d:/emcaddad imt/01- tools/imt_sdk_win_64/winavr/bin/../lib/gcc/avr/4.3.3/avr5\libgcc.a(_copy_data.o)
 .text.libgcc   0x00000f38        0x0 d:/emcaddad imt/01- tools/imt_sdk_win_64/winavr/bin/../lib/gcc/avr/4.3.3/avr5\libgcc.a(_clear_bss.o)
 .text.libgcc   0x00000f38       0x44 d:/emcaddad imt/01- tools/imt_sdk_win_64/winavr/bin/../lib/gcc/avr/4.3.3/avr5\libgcc.a(_udivmodsi4.o)
                0x00000f38                __udivmodsi4
                0x00000f7c                . = ALIGN (0x2)
 *(.fini9)
 .fini9         0x00000f7c        0x0 d:/emcaddad imt/01- tools/imt_sdk_win_64/winavr/bin/../lib/gcc/avr/4.3.3/avr5\libgcc.a(_exit.o)
                0x00000f7c                exit
                0x00000f7c                _exit
 *(.fini9)
 *(.fini8)
 *(.fini8)
 *(.fini7)
 *(.fini7)
 *(.fini6)
 *(.fini6)
 *(.fini5)
 *(.fini5)
 *(.fini4)
 *(.fini4)
 *(.fini3)
 *(.fini3)
 *(.fini2)
 *(.fini2)
 *(.fini1)
 *(.fini1)
 *(.fini0)
 .fini0         0x00000f7c        0x4 d:/emcaddad imt/01- tools/imt_sdk_win_64/winavr/bin/../lib/gcc/avr/4.3.3/avr5\libgcc.a(_exit.o)
 *(.fini0)
                0x00000f80                _etext = .

.data           0x00800060        0xa load address 0x00000f80
                0x00800060                PROVIDE (__data_start, .)
 *(.data)
 .data          0x00800060        0x0 d:/emcaddad imt/01- tools/imt_sdk_win_64/winavr/bin/../lib/gcc/avr/4.3.3/../../../../avr/lib/avr5/crtm32.o
 .data          0x00800060        0x0 ./MCAL/TIMER/TIMER-pro.o
 .data          0x00800060        0x0 ./MCAL/GIE/GIE_prg.o
 .data          0x00800060        0x0 ./MCAL/EXTI/EXTI-pro.o
 .data          0x00800060        0x0 ./MCAL/DIO/DIO_pro.o
 .data          0x00800060        0x0 ./MCAL/ADC/MADC-pro.o
 .data          0x00800060        0x0 ./HAL/LCD/LCD_pro.o
 .data          0x00800060        0xa ./APP/main.o
 .data          0x0080006a        0x0 d:/emcaddad imt/01- tools/imt_sdk_win_64/winavr/bin/../lib/gcc/avr/4.3.3/avr5\libgcc.a(_divmodsi4.o)
 .data          0x0080006a        0x0 d:/emcaddad imt/01- tools/imt_sdk_win_64/winavr/bin/../lib/gcc/avr/4.3.3/avr5\libgcc.a(_exit.o)
 .data          0x0080006a        0x0 d:/emcaddad imt/01- tools/imt_sdk_win_64/winavr/bin/../lib/gcc/avr/4.3.3/avr5\libgcc.a(_copy_data.o)
 .data          0x0080006a        0x0 d:/emcaddad imt/01- tools/imt_sdk_win_64/winavr/bin/../lib/gcc/avr/4.3.3/avr5\libgcc.a(_clear_bss.o)
 .data          0x0080006a        0x0 d:/emcaddad imt/01- tools/imt_sdk_win_64/winavr/bin/../lib/gcc/avr/4.3.3/avr5\libgcc.a(_udivmodsi4.o)
 *(.data*)
 *(.rodata)
 *(.rodata*)
 *(.gnu.linkonce.d*)
                0x0080006a                . = ALIGN (0x2)
                0x0080006a                _edata = .
                0x0080006a                PROVIDE (__data_end, .)

.bss            0x0080006a       0x34
                0x0080006a                PROVIDE (__bss_start, .)
 *(.bss)
 .bss           0x0080006a        0x0 d:/emcaddad imt/01- tools/imt_sdk_win_64/winavr/bin/../lib/gcc/avr/4.3.3/../../../../avr/lib/avr5/crtm32.o
 .bss           0x0080006a        0x0 ./MCAL/TIMER/TIMER-pro.o
 .bss           0x0080006a        0x0 ./MCAL/GIE/GIE_prg.o
 .bss           0x0080006a        0x0 ./MCAL/EXTI/EXTI-pro.o
 .bss           0x0080006a        0x0 ./MCAL/DIO/DIO_pro.o
 .bss           0x0080006a        0x0 ./MCAL/ADC/MADC-pro.o
 .bss           0x0080006a        0x0 ./HAL/LCD/LCD_pro.o
 .bss           0x0080006a        0x0 ./APP/main.o
 .bss           0x0080006a        0x0 d:/emcaddad imt/01- tools/imt_sdk_win_64/winavr/bin/../lib/gcc/avr/4.3.3/avr5\libgcc.a(_divmodsi4.o)
 .bss           0x0080006a        0x0 d:/emcaddad imt/01- tools/imt_sdk_win_64/winavr/bin/../lib/gcc/avr/4.3.3/avr5\libgcc.a(_exit.o)
 .bss           0x0080006a        0x0 d:/emcaddad imt/01- tools/imt_sdk_win_64/winavr/bin/../lib/gcc/avr/4.3.3/avr5\libgcc.a(_copy_data.o)
 .bss           0x0080006a        0x0 d:/emcaddad imt/01- tools/imt_sdk_win_64/winavr/bin/../lib/gcc/avr/4.3.3/avr5\libgcc.a(_clear_bss.o)
 .bss           0x0080006a        0x0 d:/emcaddad imt/01- tools/imt_sdk_win_64/winavr/bin/../lib/gcc/avr/4.3.3/avr5\libgcc.a(_udivmodsi4.o)
 *(.bss*)
 .bss.LS_u32Counter.1524
                0x0080006a        0x4 ./MCAL/TIMER/TIMER-pro.o
 .bss.LS_u32Counter.1514
                0x0080006e        0x4 ./MCAL/TIMER/TIMER-pro.o
 .bss.LS_u32Counter.1504
                0x00800072        0x4 ./MCAL/TIMER/TIMER-pro.o
 .bss.LS_u32Counter.1494
                0x00800076        0x4 ./MCAL/TIMER/TIMER-pro.o
 .bss.G_TIM0_OVF_Callback
                0x0080007a        0x2 ./MCAL/TIMER/TIMER-pro.o
 .bss.G_TIM0_CTC_Callback
                0x0080007c        0x2 ./MCAL/TIMER/TIMER-pro.o
 .bss.G_TIM2_OVF_Callback
                0x0080007e        0x2 ./MCAL/TIMER/TIMER-pro.o
 .bss.G_TIM2_CTC_Callback
                0x00800080        0x2 ./MCAL/TIMER/TIMER-pro.o
 .bss.G_TIMu16_OVF_Callback
                0x00800082        0x2 ./MCAL/TIMER/TIMER-pro.o
 .bss.G_TIMu16_CTC_Callback
                0x00800084        0x2 ./MCAL/TIMER/TIMER-pro.o
 .bss.G_TIMu16_ICU_Callback
                0x00800086        0x2 ./MCAL/TIMER/TIMER-pro.o
 .bss.reading_flag
                0x00800088        0x1 ./APP/main.o
                0x00800088                reading_flag
 .bss.timereadings.1342
                0x00800089        0x6 ./APP/main.o
 .bss.counter.1341
                0x0080008f        0x1 ./APP/main.o
 *(COMMON)
 COMMON         0x00800090        0x8 ./MCAL/TIMER/TIMER-pro.o
                0x00800090                G_u32IntervalCount2
                0x00800094                G_u32IntervalCount
 COMMON         0x00800098        0x2 ./MCAL/ADC/MADC-pro.o
                0x00800098                ADC_CallBack
 COMMON         0x0080009a        0x4 ./APP/main.o
                0x0080009a                ont
                0x0080009c                PT
                0x0080009e                PROVIDE (__bss_end, .)
                0x00000f80                __data_load_start = LOADADDR (.data)
                0x00000f8a                __data_load_end = (__data_load_start + SIZEOF (.data))

.noinit         0x0080009e        0x0
                0x0080009e                PROVIDE (__noinit_start, .)
 *(.noinit*)
                0x0080009e                PROVIDE (__noinit_end, .)
                0x0080009e                _end = .
                0x0080009e                PROVIDE (__heap_start, .)

.eeprom         0x00810000        0x0
 *(.eeprom*)
                0x00810000                __eeprom_end = .

.fuse
 *(.fuse)
 *(.lfuse)
 *(.hfuse)
 *(.efuse)

.lock
 *(.lock*)

.signature
 *(.signature*)

.stab
 *(.stab)

.stabstr
 *(.stabstr)

.stab.excl
 *(.stab.excl)

.stab.exclstr
 *(.stab.exclstr)

.stab.index
 *(.stab.index)

.stab.indexstr
 *(.stab.indexstr)

.comment
 *(.comment)

.debug
 *(.debug)

.line
 *(.line)

.debug_srcinfo
 *(.debug_srcinfo)

.debug_sfnames
 *(.debug_sfnames)

.debug_aranges
 *(.debug_aranges)

.debug_pubnames
 *(.debug_pubnames)

.debug_info
 *(.debug_info)
 *(.gnu.linkonce.wi.*)

.debug_abbrev
 *(.debug_abbrev)

.debug_line
 *(.debug_line)

.debug_frame
 *(.debug_frame)

.debug_str
 *(.debug_str)

.debug_loc
 *(.debug_loc)

.debug_macinfo
 *(.debug_macinfo)
OUTPUT(07-TIME.elf elf32-avr)
LOAD linker stubs
